S01 SAP COMPILED EXPERIMENT LOG
===============================
Exact phrase-HMM gate: T=4, block KL <= 0.10 nats/block AND invalid <= 0.03.
FineWeb depth-8 was pre-registered to run only after this gate.
Modal profile: blessingjim31-workspace

Sources:
  out/s01_sap_modal/stage_a_s01/results.jsonl
  out/s01_sap_modal/stage_a_s01_iw4/results.jsonl
  out/s01_sap_modal/stage_a_s01_postmix05/results.jsonl
  out/s01_sap_modal/stage_a_s01_postmix05_stride21/results.jsonl
  out/s01_sap_modal/remote_stage_a_json/sap_stageA_modal/sir_T4_s0_steps2000_s01.json
  out/s01_sap_modal/remote_stage_a_json/sap_stageA_modal/sir_T4_s0_steps2000_s01_iw4.json
  out/s01_sap_modal/remote_stage_a_json/sap_stageA_modal/sir_T4_s0_steps2000_s01_postmix05.json
  out/s01_sap_modal/remote_stage_a_json/sap_stageA_modal/sir_anchor_T4_s0_steps2000_s01.json
  out/s01_sap_modal/remote_stage_a_json/sap_stageA_modal/sir_anchor_T4_s0_steps2000_s01_iw4.json
  out/s01_sap_modal/remote_stage_a_json/sap_stageA_modal/sir_anchor_T4_s0_steps2000_s01_postmix05.json
  out/s01_sap_modal/remote_stage_a_json/sap_stageA_modal/sir_anchor_T4_s0_steps2000_s01_postmix05_stride21.json
  out/s01_sap_modal/remote_stage_a_json/sap_stageA_modal/sir_compat_T4_s0_steps2000_s01.json
  out/s01_sap_modal/remote_stage_a_json/sap_stageA_modal/sir_compat_T4_s0_steps2000_s01_iw4.json
  out/s01_sap_modal/remote_stage_a_json/sap_stageA_modal/sir_compat_T4_s0_steps2000_s01_postmix05.json
  out/s01_sap_modal/remote_stage_a_json/sap_stageA_modal/sir_conf_T4_s0_steps2000_s01.json
  out/s01_sap_modal/remote_stage_a_json/sap_stageA_modal/sir_conf_T4_s0_steps2000_s01_iw4.json
  out/s01_sap_modal/remote_stage_a_json/sap_stageA_modal/sir_conf_T4_s0_steps2000_s01_postmix05.json
  out/s01_sap_modal/remote_stage_a_json/sap_stageA_modal/sir_context_T4_s0_steps2000_s01.json
  out/s01_sap_modal/remote_stage_a_json/sap_stageA_modal/sir_context_T4_s0_steps2000_s01_iw4.json
  out/s01_sap_modal/remote_stage_a_json/sap_stageA_modal/sir_context_T4_s0_steps2000_s01_postmix05.json
  out/s01_sap_modal/remote_stage_a_json/sap_stageA_modal/sir_energy_T4_s0_steps2000_s01.json
  out/s01_sap_modal/remote_stage_a_json/sap_stageA_modal/sir_energy_T4_s0_steps2000_s01_iw4.json
  out/s01_sap_modal/remote_stage_a_json/sap_stageA_modal/sir_energy_T4_s0_steps2000_s01_postmix05.json
  out/s01_sap_modal/remote_stage_a_json/sap_stageA_modal/sir_full_T4_s0_steps2000_s01.json
  out/s01_sap_modal/remote_stage_a_json/sap_stageA_modal/sir_full_T4_s0_steps2000_s01_iw4.json
  out/s01_sap_modal/remote_stage_a_json/sap_stageA_modal/sir_full_T4_s0_steps2000_s01_postmix05.json
  out/s01_sap_modal/remote_stage_a_json/sap_stageA_modal/sir_lattice_T4_s0_steps2000_s01.json
  out/s01_sap_modal/remote_stage_a_json/sap_stageA_modal/sir_lattice_T4_s0_steps2000_s01_iw4.json
  out/s01_sap_modal/remote_stage_a_json/sap_stageA_modal/sir_lattice_T4_s0_steps2000_s01_postmix05.json
  out/s01_sap_modal/remote_stage_a_json/sap_stageA_modal/sir_pyramid_T4_s0_steps2000_s01.json
  out/s01_sap_modal/remote_stage_a_json/sap_stageA_modal/sir_pyramid_T4_s0_steps2000_s01_iw4.json
  out/s01_sap_modal/remote_stage_a_json/sap_stageA_modal/sir_pyramid_T4_s0_steps2000_s01_postmix05.json
  out/s01_sap_modal/remote_stage_a_json/sap_stageA_modal/sir_pyramid_T4_s0_steps2000_s01_postmix05_stride21.json
  out/s01_sap_modal/remote_stage_a_json/sap_stageA_modal/sir_soft_T4_s0_steps2000_s01.json
  out/s01_sap_modal/remote_stage_a_json/sap_stageA_modal/sir_soft_T4_s0_steps2000_s01_iw4.json
  out/s01_sap_modal/remote_stage_a_json/sap_stageA_modal/sir_soft_T4_s0_steps2000_s01_postmix05.json

s01: v1: one on-policy draft + expected CE
Modal app: ap-aniDuP27Q1DKrR1un2jlm2
mode             block_KL  invalid  train_s  verdict
sir                 4.322    0.623     86.0  KILL
sir_anchor          4.319    0.620    100.2  KILL
sir_compat          4.342    0.616    116.5  KILL
sir_conf            4.321    0.637    132.9  KILL
sir_context         4.348    0.621    119.0  KILL
sir_energy          4.344    0.620    127.1  KILL
sir_full            4.315    0.641    153.8  KILL
sir_lattice         4.341    0.623    120.1  KILL
sir_pyramid         4.326    0.639    123.8  KILL
sir_soft            4.331    0.618    105.4  KILL
best KL: sir_full 4.31456184387207
best invalid: sir_compat 0.6162109375

s01_iw4: v2: K=4 marginal likelihood + reference-weight policy credit
Modal app: ap-W81oBQQx6KeE59p2ZhJyv4 + supplemental ap-QoaBpb0sxKwbRHjr553Mqo
mode             block_KL  invalid  train_s  verdict
sir                 3.772    0.579    200.9  KILL
sir_anchor          3.443    0.540    196.3  KILL
sir_compat          3.826    0.598    220.9  KILL
sir_conf            3.678    0.594    261.4  KILL
sir_context         3.709    0.583    231.0  KILL
sir_energy          3.693    0.587    200.8  KILL
sir_full            3.651    0.563    416.0  KILL
sir_lattice         4.334    0.625    229.3  KILL
sir_pyramid         3.465    0.550    242.3  KILL
sir_soft            3.771    0.566    210.4  KILL
best KL: sir_anchor 3.4433140754699707
best invalid: sir_anchor 0.5400390625

s01_postmix05: v3: v2 + fixed 0.5 token-posterior bridge
Modal app: ap-bpVVbZVLqClNexIC2XbGAG
mode             block_KL  invalid  train_s  verdict
sir                 4.977    0.504    140.5  KILL
sir_anchor          4.207    0.479    134.6  KILL
sir_compat          4.906    0.500    216.7  KILL
sir_conf            6.647    0.354    181.8  KILL
sir_context         4.838    0.534    235.1  KILL
sir_energy          5.021    0.463    143.1  KILL
sir_full            5.891    0.355    323.4  KILL
sir_lattice         6.099    0.307    221.1  KILL
sir_pyramid         5.285    0.449    258.0  KILL
sir_soft            5.041    0.431    136.1  KILL
best KL: sir_anchor 4.2071075439453125
best invalid: sir_lattice 0.30712890625

s01_postmix05_stride21: v3 hierarchy correction: T=4 coarse/fine stride 2/1
Modal app: ap-TTuh73gOInInS3AYlv6kGE
mode             block_KL  invalid  train_s  verdict
sir_anchor          4.792    0.264    186.7  KILL
sir_pyramid         8.649    0.263    268.4  KILL
best KL: sir_anchor 4.7922563552856445
best invalid: sir_pyramid 0.26318359375

VERDICT
-------
No S01 mechanism clears the exact gate. V1 reproduces the product-of-marginals
solution. V2 proves post-sampling credit affects the latent draft but closes too little
of the gap. V3 produces excellent posterior-conditioned training likelihood but fails
under prior-only sampling, diagnosing aggregate-posterior mismatch. Correct scale-relative
anchors improve invalidity but not likelihood; the pyramid is overconfident.
Therefore the costlier depth-8 H100 sweep was not launched.

RAW JSON ROWS
-------------
{"T": 4, "ar_block_kl": 0.0322953425347805, "ar_invalid_rate": 0.00244140625, "argv": ["--steps", "2000"], "block_kl": 4.322272777557373, "contexts": 512, "final_train": {"block_loss": 3.6733, "draft_confidence": 0.2894, "draft_nll": 3.6735, "final_nll": 3.673, "loss": 6.2431, "step": 1999}, "head_flops_per_token": 2058240, "invalid_rate": 0.623046875, "invalid_rate_posterior": null, "mode": "sir", "ntp_ce": 2.5774176120758057, "ntp_excess": 0.004547834396362305, "sample_nll": 9.38493824005127, "seconds": 86.0, "seed": 0, "sensitivity": null, "steps": 2000, "tag": "s01", "tc": 4.270069122314453, "true_entropy": 2.5728697776794434}
{"T": 4, "ar_block_kl": 0.03259630501270294, "ar_invalid_rate": 0.00244140625, "argv": ["--steps", "2000"], "block_kl": 4.319149971008301, "contexts": 512, "final_train": {"block_loss": 3.1091, "draft_confidence": 0.4414, "draft_nll": 2.5465, "final_nll": 3.6718, "loss": 5.6791, "step": 1999}, "head_flops_per_token": 1910784, "invalid_rate": 0.6201171875, "invalid_rate_posterior": null, "mode": "sir_anchor", "ntp_ce": 2.577455520629883, "ntp_excess": 0.004585742950439453, "sample_nll": 9.38772964477539, "seconds": 100.2, "seed": 0, "sensitivity": null, "steps": 2000, "tag": "s01", "tc": 4.270069122314453, "true_entropy": 2.5728697776794434}
{"T": 4, "ar_block_kl": 0.036132268607616425, "ar_invalid_rate": 0.001953125, "argv": ["--steps", "2000"], "block_kl": 4.3416643142700195, "contexts": 512, "final_train": {"block_loss": 3.7662, "draft_confidence": 0.2748, "draft_nll": 3.7666, "final_nll": 3.7658, "loss": 6.3358, "step": 1999}, "head_flops_per_token": 2095104, "invalid_rate": 0.6162109375, "invalid_rate_posterior": null, "mode": "sir_compat", "ntp_ce": 2.577141761779785, "ntp_excess": 0.004271984100341797, "sample_nll": 9.43946647644043, "seconds": 116.5, "seed": 0, "sensitivity": null, "steps": 2000, "tag": "s01", "tc": 4.270069122314453, "true_entropy": 2.5728697776794434}
{"T": 4, "ar_block_kl": 0.03332844004034996, "ar_invalid_rate": 0.00244140625, "argv": ["--steps", "2000"], "block_kl": 4.320601940155029, "contexts": 512, "final_train": {"block_loss": 3.8568, "draft_confidence": 0.2925, "draft_nll": 4.0073, "final_nll": 3.7063, "loss": 6.4265, "step": 1999}, "head_flops_per_token": 2909184, "invalid_rate": 0.63720703125, "invalid_rate_posterior": null, "mode": "sir_conf", "ntp_ce": 2.577329635620117, "ntp_excess": 0.004459857940673828, "sample_nll": 9.30461597442627, "seconds": 132.9, "seed": 0, "sensitivity": null, "steps": 2000, "tag": "s01", "tc": 4.270069122314453, "true_entropy": 2.5728697776794434}
{"T": 4, "ar_block_kl": 0.03823988512158394, "ar_invalid_rate": 0.001953125, "argv": ["--steps", "2000"], "block_kl": 4.348141670227051, "contexts": 512, "final_train": {"block_loss": 3.6485, "context_soft_loss": 2.0706, "draft_confidence": 0.232, "draft_nll": 3.9283, "final_nll": 3.7632, "loss": 6.2183, "step": 1999}, "head_flops_per_token": 2095104, "invalid_rate": 0.62060546875, "invalid_rate_posterior": null, "mode": "sir_context", "ntp_ce": 2.5768723487854004, "ntp_excess": 0.004002571105957031, "sample_nll": 9.328455924987793, "seconds": 119.0, "seed": 0, "sensitivity": null, "steps": 2000, "tag": "s01", "tc": 4.270069122314453, "true_entropy": 2.5728697776794434}
{"T": 4, "ar_block_kl": 0.034630708396434784, "ar_invalid_rate": 0.00146484375, "argv": ["--steps", "2000"], "block_kl": 4.344377517700195, "contexts": 512, "final_train": {"block_loss": 3.3342, "draft_confidence": 0.2835, "draft_nll": 3.7363, "energy_rank_loss": 0.1211, "final_nll": 3.7354, "loss": 5.9028, "step": 1999}, "head_flops_per_token": 2156928, "invalid_rate": 0.6201171875, "invalid_rate_posterior": null, "mode": "sir_energy", "ntp_ce": 2.576709508895874, "ntp_excess": 0.003839731216430664, "sample_nll": 9.53446102142334, "seconds": 127.1, "seed": 0, "sensitivity": null, "steps": 2000, "tag": "s01", "tc": 4.270069122314453, "true_entropy": 2.5728697776794434}
{"T": 4, "ar_block_kl": 0.02889617718756199, "ar_invalid_rate": 0.00244140625, "argv": ["--steps", "2000"], "block_kl": 4.31456184387207, "contexts": 512, "final_train": {"block_loss": 3.262, "context_soft_loss": 1.9541, "draft_confidence": 0.2478, "draft_nll": 4.0151, "energy_rank_loss": 0.1245, "final_nll": 3.6203, "loss": 5.8317, "step": 1999}, "head_flops_per_token": 3044736, "invalid_rate": 0.640625, "invalid_rate_posterior": null, "mode": "sir_full", "ntp_ce": 2.5773096084594727, "ntp_excess": 0.004439830780029297, "sample_nll": 9.185441017150879, "seconds": 153.8, "seed": 0, "sensitivity": null, "steps": 2000, "tag": "s01", "tc": 4.270069122314453, "true_entropy": 2.5728697776794434}
{"T": 4, "ar_block_kl": 0.028043925762176514, "ar_invalid_rate": 0.00244140625, "argv": ["--steps", "2000"], "block_kl": 4.341311454772949, "contexts": 512, "final_train": {"block_loss": 3.7034, "draft_confidence": 0.3026, "draft_nll": 3.7036, "final_nll": 3.7032, "loss": 6.2727, "step": 1999}, "head_flops_per_token": 2512896, "invalid_rate": 0.62255859375, "invalid_rate_posterior": null, "mode": "sir_lattice", "ntp_ce": 2.5768046379089355, "ntp_excess": 0.0039348602294921875, "sample_nll": 9.323423385620117, "seconds": 120.1, "seed": 0, "sensitivity": null, "steps": 2000, "tag": "s01", "tc": 4.270069122314453, "true_entropy": 2.5728697776794434}
{"T": 4, "ar_block_kl": 0.03532906621694565, "ar_invalid_rate": 0.001953125, "argv": ["--steps", "2000"], "block_kl": 4.325992584228516, "contexts": 512, "final_train": {"block_loss": 3.1728, "draft_confidence": 0.4267, "draft_nll": 2.6394, "final_nll": 3.7062, "loss": 5.743, "step": 1999}, "head_flops_per_token": 2761728, "invalid_rate": 0.638671875, "invalid_rate_posterior": null, "mode": "sir_pyramid", "ntp_ce": 2.577274799346924, "ntp_excess": 0.004405021667480469, "sample_nll": 9.28290843963623, "seconds": 123.8, "seed": 0, "sensitivity": null, "steps": 2000, "tag": "s01", "tc": 4.270069122314453, "true_entropy": 2.5728697776794434}
{"T": 4, "ar_block_kl": 0.025989942252635956, "ar_invalid_rate": 0.0029296875, "argv": ["--steps", "2000"], "block_kl": 4.331489562988281, "contexts": 512, "final_train": {"block_loss": 3.6731, "draft_confidence": 0.2894, "draft_nll": 3.6736, "final_nll": 3.6726, "loss": 6.243, "step": 1999}, "head_flops_per_token": 2058240, "invalid_rate": 0.61767578125, "invalid_rate_posterior": null, "mode": "sir_soft", "ntp_ce": 2.577212333679199, "ntp_excess": 0.004342555999755859, "sample_nll": 9.32906723022461, "seconds": 105.4, "seed": 0, "sensitivity": null, "steps": 2000, "tag": "s01", "tc": 4.270069122314453, "true_entropy": 2.5728697776794434}
{"T": 4, "ar_block_kl": 0.038075100630521774, "ar_invalid_rate": 0.00244140625, "argv": ["--steps", "2000", "--sir-train-samples", "4", "--sir-policy-weight", "1.0"], "block_kl": 3.7720208168029785, "contexts": 512, "final_train": {"block_loss": 3.6973, "draft_confidence": 0.2842, "draft_nll": 3.7371, "draft_policy_surrogate": -0.0123, "draft_ref_ess": 2.4881, "final_nll": 3.6575, "loss": 6.268, "step": 1999}, "head_flops_per_token": 8232960, "invalid_rate": 0.57861328125, "invalid_rate_posterior": null, "mode": "sir", "ntp_ce": 2.577521324157715, "ntp_excess": 0.004651546478271484, "sample_nll": 10.190285682678223, "seconds": 200.9, "seed": 0, "sensitivity": null, "steps": 2000, "tag": "s01_iw4", "tc": 4.270069122314453, "true_entropy": 2.5728697776794434}
{"T": 4, "ar_block_kl": 0.03001413680613041, "ar_invalid_rate": 0.00341796875, "argv": ["--steps", "2000", "--sir-train-samples", "4", "--sir-policy-weight", "1.0"], "block_kl": 3.4433140754699707, "contexts": 512, "final_train": {"block_loss": 3.1209, "draft_confidence": 0.4338, "draft_nll": 2.6274, "draft_policy_surrogate": -0.006, "draft_ref_ess": 2.6248, "final_nll": 3.6145, "loss": 5.6909, "step": 1999}, "head_flops_per_token": 7643136, "invalid_rate": 0.5400390625, "invalid_rate_posterior": null, "mode": "sir_anchor", "ntp_ce": 2.5774288177490234, "ntp_excess": 0.004559040069580078, "sample_nll": 10.241897583007812, "seconds": 196.3, "seed": 0, "sensitivity": null, "steps": 2000, "tag": "s01_iw4", "tc": 4.270069122314453, "true_entropy": 2.5728697776794434}
{"T": 4, "ar_block_kl": 0.029665177688002586, "ar_invalid_rate": 0.00341796875, "argv": ["--steps", "2000", "--sir-train-samples", "4", "--sir-policy-weight", "1.0"], "block_kl": 3.8264355659484863, "contexts": 512, "final_train": {"block_loss": 3.7417, "draft_confidence": 0.3322, "draft_nll": 3.7893, "draft_policy_surrogate": -0.0606, "draft_ref_ess": 2.9423, "final_nll": 3.6941, "loss": 6.3121, "step": 1999}, "head_flops_per_token": 8380416, "invalid_rate": 0.59814453125, "invalid_rate_posterior": null, "mode": "sir_compat", "ntp_ce": 2.576958179473877, "ntp_excess": 0.004088401794433594, "sample_nll": 9.786049842834473, "seconds": 220.9, "seed": 0, "sensitivity": null, "steps": 2000, "tag": "s01_iw4", "tc": 4.270069122314453, "true_entropy": 2.5728697776794434}
{"T": 4, "ar_block_kl": 0.03594303876161575, "ar_invalid_rate": 0.001953125, "argv": ["--steps", "2000", "--sir-train-samples", "4", "--sir-policy-weight", "1.0"], "block_kl": 3.6779279708862305, "contexts": 512, "final_train": {"block_loss": 3.886, "draft_confidence": 0.3359, "draft_nll": 4.1193, "draft_policy_surrogate": -0.0227, "draft_ref_ess": 2.5651, "final_nll": 3.6528, "loss": 6.4564, "step": 1999}, "head_flops_per_token": 11636736, "invalid_rate": 0.59375, "invalid_rate_posterior": null, "mode": "sir_conf", "ntp_ce": 2.577345609664917, "ntp_excess": 0.004475831985473633, "sample_nll": 10.080782890319824, "seconds": 261.4, "seed": 0, "sensitivity": null, "steps": 2000, "tag": "s01_iw4", "tc": 4.270069122314453, "true_entropy": 2.5728697776794434}
{"T": 4, "ar_block_kl": 0.02736153081059456, "ar_invalid_rate": 0.00244140625, "argv": ["--steps", "2000", "--sir-train-samples", "4", "--sir-policy-weight", "1.0"], "block_kl": 3.708987236022949, "contexts": 512, "final_train": {"block_loss": 3.6069, "context_soft_loss": 2.1053, "draft_confidence": 0.2465, "draft_nll": 3.9122, "draft_policy_surrogate": -0.0185, "draft_ref_ess": 2.5028, "final_nll": 3.677, "loss": 6.1765, "step": 1999}, "head_flops_per_token": 8380416, "invalid_rate": 0.5830078125, "invalid_rate_posterior": null, "mode": "sir_context", "ntp_ce": 2.5768213272094727, "ntp_excess": 0.003951549530029297, "sample_nll": 10.07867431640625, "seconds": 231.0, "seed": 0, "sensitivity": null, "steps": 2000, "tag": "s01_iw4", "tc": 4.270069122314453, "true_entropy": 2.5728697776794434}
{"T": 4, "ar_block_kl": 0.02635164186358452, "ar_invalid_rate": 0.00146484375, "argv": ["--steps", "2000", "--sir-train-samples", "4", "--sir-policy-weight", "1.0"], "block_kl": 3.6930041313171387, "contexts": 512, "final_train": {"block_loss": 3.3023, "draft_confidence": 0.3065, "draft_nll": 3.7578, "draft_policy_surrogate": -0.0229, "draft_ref_ess": 2.4857, "energy_rank_loss": 0.125, "final_nll": 3.6411, "loss": 5.8722, "step": 1999}, "head_flops_per_token": 8627712, "invalid_rate": 0.58740234375, "invalid_rate_posterior": null, "mode": "sir_energy", "ntp_ce": 2.576688289642334, "ntp_excess": 0.003818511962890625, "sample_nll": 10.144613265991211, "seconds": 200.8, "seed": 0, "sensitivity": null, "steps": 2000, "tag": "s01_iw4", "tc": 4.270069122314453, "true_entropy": 2.5728697776794434}
{"T": 4, "ar_block_kl": 0.02462426945567131, "ar_invalid_rate": 0.00146484375, "argv": ["--steps", "2000", "--sir-train-samples", "4", "--sir-policy-weight", "1.0", "--sir-posterior-mix", "0"], "block_kl": 3.6509242057800293, "contexts": 512, "final_train": {"block_loss": 3.3007, "context_soft_loss": 1.6792, "draft_confidence": 0.29, "draft_nll": 4.1191, "draft_policy_surrogate": -0.0419, "draft_ref_ess": 2.4158, "energy_rank_loss": 0.127, "final_nll": 3.6812, "loss": 5.8703, "step": 1999}, "head_flops_per_token": 12178944, "invalid_rate": 0.56298828125, "invalid_rate_posterior": null, "mode": "sir_full", "ntp_ce": 2.577150344848633, "ntp_excess": 0.004280567169189453, "sample_nll": 10.463248252868652, "seconds": 416.0, "seed": 0, "sensitivity": null, "steps": 2000, "tag": "s01_iw4", "tc": 4.270069122314453, "true_entropy": 2.5728697776794434}
{"T": 4, "ar_block_kl": 0.025220904499292374, "ar_invalid_rate": 0.001953125, "argv": ["--steps", "2000", "--sir-train-samples", "4", "--sir-policy-weight", "1.0"], "block_kl": 4.334116458892822, "contexts": 512, "final_train": {"block_loss": 3.6988, "draft_confidence": 0.9844, "draft_nll": 3.6991, "draft_policy_surrogate": 0.0, "draft_ref_ess": 4.0, "final_nll": 3.6984, "loss": 6.2686, "step": 1999}, "head_flops_per_token": 10051584, "invalid_rate": 0.62451171875, "invalid_rate_posterior": null, "mode": "sir_lattice", "ntp_ce": 2.5772650241851807, "ntp_excess": 0.004395246505737305, "sample_nll": 9.323906898498535, "seconds": 229.3, "seed": 0, "sensitivity": null, "steps": 2000, "tag": "s01_iw4", "tc": 4.270069122314453, "true_entropy": 2.5728697776794434}
{"T": 4, "ar_block_kl": 0.027497289702296257, "ar_invalid_rate": 0.00146484375, "argv": ["--steps", "2000", "--sir-train-samples", "4", "--sir-policy-weight", "1.0"], "block_kl": 3.464961290359497, "contexts": 512, "final_train": {"block_loss": 3.0568, "draft_confidence": 0.462, "draft_nll": 2.512, "draft_policy_surrogate": -0.0084, "draft_ref_ess": 2.6193, "final_nll": 3.6016, "loss": 5.6267, "step": 1999}, "head_flops_per_token": 11046912, "invalid_rate": 0.55029296875, "invalid_rate_posterior": null, "mode": "sir_pyramid", "ntp_ce": 2.5774354934692383, "ntp_excess": 0.004565715789794922, "sample_nll": 10.19915771484375, "seconds": 242.3, "seed": 0, "sensitivity": null, "steps": 2000, "tag": "s01_iw4", "tc": 4.270069122314453, "true_entropy": 2.5728697776794434}
{"T": 4, "ar_block_kl": 0.03587633743882179, "ar_invalid_rate": 0.0029296875, "argv": ["--steps", "2000", "--sir-train-samples", "4", "--sir-policy-weight", "1.0"], "block_kl": 3.7707676887512207, "contexts": 512, "final_train": {"block_loss": 3.6979, "draft_confidence": 0.2819, "draft_nll": 3.7436, "draft_policy_surrogate": -0.0122, "draft_ref_ess": 2.5266, "final_nll": 3.6521, "loss": 6.2687, "step": 1999}, "head_flops_per_token": 8232960, "invalid_rate": 0.56640625, "invalid_rate_posterior": null, "mode": "sir_soft", "ntp_ce": 2.577738046646118, "ntp_excess": 0.004868268966674805, "sample_nll": 10.559785842895508, "seconds": 210.4, "seed": 0, "sensitivity": null, "steps": 2000, "tag": "s01_iw4", "tc": 4.270069122314453, "true_entropy": 2.5728697776794434}
{"T": 4, "ar_block_kl": 0.02318429946899414, "ar_invalid_rate": 0.0009765625, "argv": ["--steps", "2000", "--sir-train-samples", "4", "--sir-policy-weight", "1.0", "--sir-posterior-mix", "0.5"], "block_kl": 4.9766058921813965, "contexts": 512, "final_train": {"block_loss": 3.0324, "draft_confidence": 0.6465, "draft_nll": 3.7381, "draft_policy_surrogate": -0.2887, "draft_ref_ess": 2.4278, "final_nll": 2.3267, "loss": 5.6021, "step": 1999}, "head_flops_per_token": 8232960, "invalid_rate": 0.50390625, "invalid_rate_posterior": null, "mode": "sir", "ntp_ce": 2.577341079711914, "ntp_excess": 0.004471302032470703, "sample_nll": 9.908112525939941, "seconds": 140.5, "seed": 0, "sensitivity": null, "steps": 2000, "tag": "s01_postmix05", "tc": 4.270069122314453, "true_entropy": 2.5728697776794434}
{"T": 4, "ar_block_kl": 0.03959227353334427, "ar_invalid_rate": 0.001953125, "argv": ["--steps", "2000", "--sir-train-samples", "4", "--sir-policy-weight", "1.0", "--sir-posterior-mix", "0.5"], "block_kl": 4.2071075439453125, "contexts": 512, "final_train": {"block_loss": 2.7272, "draft_confidence": 0.7207, "draft_nll": 2.6825, "draft_policy_surrogate": -0.1597, "draft_ref_ess": 2.8929, "final_nll": 2.7718, "loss": 5.2975, "step": 1999}, "head_flops_per_token": 7643136, "invalid_rate": 0.478515625, "invalid_rate_posterior": null, "mode": "sir_anchor", "ntp_ce": 2.577188014984131, "ntp_excess": 0.0043182373046875, "sample_nll": 8.392427444458008, "seconds": 134.6, "seed": 0, "sensitivity": null, "steps": 2000, "tag": "s01_postmix05", "tc": 4.270069122314453, "true_entropy": 2.5728697776794434}
{"T": 4, "ar_block_kl": 0.030196616426110268, "ar_invalid_rate": 0.0029296875, "argv": ["--steps", "2000", "--sir-train-samples", "4", "--sir-policy-weight", "1.0", "--sir-posterior-mix", "0.5"], "block_kl": 4.906478404998779, "contexts": 512, "final_train": {"block_loss": 2.9707, "draft_confidence": 0.6501, "draft_nll": 3.6715, "draft_policy_surrogate": -0.2929, "draft_ref_ess": 2.3632, "final_nll": 2.2699, "loss": 5.5408, "step": 1999}, "head_flops_per_token": 8380416, "invalid_rate": 0.49951171875, "invalid_rate_posterior": null, "mode": "sir_compat", "ntp_ce": 2.576915740966797, "ntp_excess": 0.004045963287353516, "sample_nll": 9.906713485717773, "seconds": 216.7, "seed": 0, "sensitivity": null, "steps": 2000, "tag": "s01_postmix05", "tc": 4.270069122314453, "true_entropy": 2.5728697776794434}
{"T": 4, "ar_block_kl": 0.02903030812740326, "ar_invalid_rate": 0.00146484375, "argv": ["--steps", "2000", "--sir-train-samples", "4", "--sir-policy-weight", "1.0", "--sir-posterior-mix", "0.5"], "block_kl": 6.64725399017334, "contexts": 512, "final_train": {"block_loss": 2.6804, "draft_confidence": 0.7631, "draft_nll": 3.2699, "draft_policy_surrogate": -0.2277, "draft_ref_ess": 2.7865, "final_nll": 2.0909, "loss": 5.2498, "step": 1999}, "head_flops_per_token": 11636736, "invalid_rate": 0.35400390625, "invalid_rate_posterior": null, "mode": "sir_conf", "ntp_ce": 2.5769095420837402, "ntp_excess": 0.004039764404296875, "sample_nll": 9.89702320098877, "seconds": 181.8, "seed": 0, "sensitivity": null, "steps": 2000, "tag": "s01_postmix05", "tc": 4.270069122314453, "true_entropy": 2.5728697776794434}
{"T": 4, "ar_block_kl": 0.029510073363780975, "ar_invalid_rate": 0.00244140625, "argv": ["--steps", "2000", "--sir-train-samples", "4", "--sir-policy-weight", "1.0", "--sir-posterior-mix", "0.5"], "block_kl": 4.837531089782715, "contexts": 512, "final_train": {"block_loss": 2.9842, "context_soft_loss": 2.5803, "draft_confidence": 0.612, "draft_nll": 3.7836, "draft_policy_surrogate": -0.3032, "draft_ref_ess": 2.3685, "final_nll": 2.2857, "loss": 5.5537, "step": 1999}, "head_flops_per_token": 8380416, "invalid_rate": 0.53369140625, "invalid_rate_posterior": null, "mode": "sir_context", "ntp_ce": 2.5767908096313477, "ntp_excess": 0.003921031951904297, "sample_nll": 9.717394828796387, "seconds": 235.1, "seed": 0, "sensitivity": null, "steps": 2000, "tag": "s01_postmix05", "tc": 4.270069122314453, "true_entropy": 2.5728697776794434}
{"T": 4, "ar_block_kl": 0.03045175038278103, "ar_invalid_rate": 0.001953125, "argv": ["--steps", "2000", "--sir-train-samples", "4", "--sir-policy-weight", "1.0", "--sir-posterior-mix", "0.5"], "block_kl": 5.021428108215332, "contexts": 512, "final_train": {"block_loss": 2.6659, "draft_confidence": 0.6507, "draft_nll": 3.6722, "draft_policy_surrogate": -0.2816, "draft_ref_ess": 2.4385, "energy_rank_loss": 0.0479, "final_nll": 2.3142, "loss": 5.2359, "step": 1999}, "head_flops_per_token": 8627712, "invalid_rate": 0.462890625, "invalid_rate_posterior": null, "mode": "sir_energy", "ntp_ce": 2.5763394832611084, "ntp_excess": 0.003469705581665039, "sample_nll": 10.452661514282227, "seconds": 143.1, "seed": 0, "sensitivity": null, "steps": 2000, "tag": "s01_postmix05", "tc": 4.270069122314453, "true_entropy": 2.5728697776794434}
{"T": 4, "ar_block_kl": 0.028440358117222786, "ar_invalid_rate": 0.00048828125, "argv": ["--steps", "2000", "--sir-train-samples", "4", "--sir-policy-weight", "1.0", "--sir-posterior-mix", "0.5"], "block_kl": 5.89050817489624, "contexts": 512, "final_train": {"block_loss": 2.4251, "context_soft_loss": 3.0068, "draft_confidence": 0.7623, "draft_nll": 3.2752, "draft_policy_surrogate": -0.2073, "draft_ref_ess": 2.7982, "energy_rank_loss": 0.0254, "final_nll": 2.0295, "loss": 4.9947, "step": 1999}, "head_flops_per_token": 12178944, "invalid_rate": 0.35546875, "invalid_rate_posterior": null, "mode": "sir_full", "ntp_ce": 2.576798439025879, "ntp_excess": 0.003928661346435547, "sample_nll": 10.735198020935059, "seconds": 323.4, "seed": 0, "sensitivity": null, "steps": 2000, "tag": "s01_postmix05", "tc": 4.270069122314453, "true_entropy": 2.5728697776794434}
{"T": 4, "ar_block_kl": 0.02446385845541954, "ar_invalid_rate": 0.00244140625, "argv": ["--steps", "2000", "--sir-train-samples", "4", "--sir-policy-weight", "1.0", "--sir-posterior-mix", "0.5"], "block_kl": 6.099248886108398, "contexts": 512, "final_train": {"block_loss": 2.9301, "draft_confidence": 0.9986, "draft_nll": 3.6855, "draft_policy_surrogate": -0.0005, "draft_ref_ess": 2.6127, "final_nll": 2.1748, "loss": 5.5002, "step": 1999}, "head_flops_per_token": 10051584, "invalid_rate": 0.30712890625, "invalid_rate_posterior": null, "mode": "sir_lattice", "ntp_ce": 2.576882839202881, "ntp_excess": 0.0040130615234375, "sample_nll": 12.479085922241211, "seconds": 221.1, "seed": 0, "sensitivity": null, "steps": 2000, "tag": "s01_postmix05", "tc": 4.270069122314453, "true_entropy": 2.5728697776794434}
{"T": 4, "ar_block_kl": 0.03306994587182999, "ar_invalid_rate": 0.00146484375, "argv": ["--steps", "2000", "--sir-train-samples", "4", "--sir-policy-weight", "1.0", "--sir-posterior-mix", "0.5"], "block_kl": 5.284923076629639, "contexts": 512, "final_train": {"block_loss": 2.4023, "draft_confidence": 0.847, "draft_nll": 2.1357, "draft_policy_surrogate": -0.145, "draft_ref_ess": 3.0926, "final_nll": 2.6689, "loss": 4.972, "step": 1999}, "head_flops_per_token": 11046912, "invalid_rate": 0.44921875, "invalid_rate_posterior": null, "mode": "sir_pyramid", "ntp_ce": 2.577666759490967, "ntp_excess": 0.0047969818115234375, "sample_nll": 8.298839569091797, "seconds": 258.0, "seed": 0, "sensitivity": null, "steps": 2000, "tag": "s01_postmix05", "tc": 4.270069122314453, "true_entropy": 2.5728697776794434}
{"T": 4, "ar_block_kl": 0.03588712215423584, "ar_invalid_rate": 0.00146484375, "argv": ["--steps", "2000", "--sir-train-samples", "4", "--sir-policy-weight", "1.0", "--sir-posterior-mix", "0.5"], "block_kl": 5.0412139892578125, "contexts": 512, "final_train": {"block_loss": 3.0769, "draft_confidence": 0.7082, "draft_nll": 3.8455, "draft_policy_surrogate": -0.2436, "draft_ref_ess": 2.417, "final_nll": 2.3083, "loss": 5.6471, "step": 1999}, "head_flops_per_token": 8232960, "invalid_rate": 0.4306640625, "invalid_rate_posterior": null, "mode": "sir_soft", "ntp_ce": 2.5775582790374756, "ntp_excess": 0.0046885013580322266, "sample_nll": 11.061034202575684, "seconds": 136.1, "seed": 0, "sensitivity": null, "steps": 2000, "tag": "s01_postmix05", "tc": 4.270069122314453, "true_entropy": 2.5728697776794434}
{"T": 4, "ar_block_kl": 0.027380216866731644, "ar_invalid_rate": 0.00146484375, "argv": ["--steps", "2000", "--sir-train-samples", "4", "--sir-policy-weight", "1.0", "--sir-posterior-mix", "0.5", "--sir-anchor-stride", "2", "--sir-fine-stride", "1"], "block_kl": 4.7922563552856445, "contexts": 512, "final_train": {"block_loss": 2.5285, "draft_confidence": 0.6645, "draft_nll": 3.414, "draft_policy_surrogate": -0.3158, "draft_ref_ess": 2.1611, "final_nll": 1.643, "loss": 5.099, "step": 1999}, "head_flops_per_token": 7839744, "invalid_rate": 0.26416015625, "invalid_rate_posterior": null, "mode": "sir_anchor", "ntp_ce": 2.5773205757141113, "ntp_excess": 0.004450798034667969, "sample_nll": 8.497491836547852, "seconds": 186.7, "seed": 0, "sensitivity": null, "steps": 2000, "tag": "s01_postmix05_stride21", "tc": 4.270069122314453, "true_entropy": 2.5728697776794434}
{"T": 4, "ar_block_kl": 0.03932642936706543, "ar_invalid_rate": 0.00048828125, "argv": ["--steps", "2000", "--sir-train-samples", "4", "--sir-policy-weight", "1.0", "--sir-posterior-mix", "0.5", "--sir-anchor-stride", "2", "--sir-fine-stride", "1"], "block_kl": 8.649259567260742, "contexts": 512, "final_train": {"block_loss": 1.7824, "draft_confidence": 0.7589, "draft_nll": 3.0078, "draft_policy_surrogate": -0.4284, "draft_ref_ess": 2.024, "final_nll": 0.557, "loss": 4.3524, "step": 1999}, "head_flops_per_token": 11833344, "invalid_rate": 0.26318359375, "invalid_rate_posterior": null, "mode": "sir_pyramid", "ntp_ce": 2.5773348808288574, "ntp_excess": 0.0044651031494140625, "sample_nll": 7.349193096160889, "seconds": 268.4, "seed": 0, "sensitivity": null, "steps": 2000, "tag": "s01_postmix05_stride21", "tc": 4.270069122314453, "true_entropy": 2.5728697776794434}
