S01 SAP sampled-in-the-middle refinement sweep
depth=2; mechanisms=sir,sir_soft,sir_compat,sir_context,sir_conf,sir_anchor,sir_pyramid,sir_lattice,sir_energy,sir_full

COMPILED_RESULT_JSON
{
  "B1_dense_s1": {
    "flops_per_token": 27721920.0,
    "log_path": "/vol/out/s01_sap/logs/B1_dense_s1_d2.log",
    "returncode": 0,
    "skipped": false,
    "tag": "B1_dense_s1",
    "train_tokens": 7168,
    "val_bpb": 3.235842
  },
  "SAP_sir_TL_s1": {
    "flops_per_token": 80070340.0,
    "log_path": "/vol/out/s01_sap/logs/SAP_sir_TL_s1_d2.log",
    "returncode": 0,
    "sap_eval": {
      "block_bpb": 3.5883706338996233,
      "block_over_ntp": 0.990644712445744,
      "blocks": 1,
      "latent_sensitivity_nats": null,
      "ntp_bpb_same_tokens": 3.622257898132326,
      "step": 20
    },
    "skipped": false,
    "tag": "SAP_sir_TL_s1",
    "train_tokens": 2560,
    "val_bpb": 3.26532
  },
  "SAP_sir_full_TL_s1": {
    "flops_per_token": 87591360.0,
    "log_path": "/vol/out/s01_sap/logs/SAP_sir_full_TL_s1_d2.log",
    "returncode": 0,
    "sap_eval": {
      "block_bpb": 3.590489937815729,
      "block_over_ntp": 0.9908785643832924,
      "blocks": 1,
      "latent_sensitivity_nats": null,
      "ntp_bpb_same_tokens": 3.623541841426749,
      "step": 18
    },
    "skipped": false,
    "tag": "SAP_sir_full_TL_s1",
    "train_tokens": 2304,
    "val_bpb": 3.266197
  }
}

PER-JOB LOGS

========================================================================================
B1_dense_s1_d2.log
========================================================================================

                                                       █████                █████
                                                      ░░███                ░░███
     ████████    ██████   ████████    ██████   ██████  ░███████    ██████  ███████
    ░░███░░███  ░░░░░███ ░░███░░███  ███░░███ ███░░███ ░███░░███  ░░░░░███░░░███░
     ░███ ░███   ███████  ░███ ░███ ░███ ░███░███ ░░░  ░███ ░███   ███████  ░███
     ░███ ░███  ███░░███  ░███ ░███ ░███ ░███░███  ███ ░███ ░███  ███░░███  ░███ ███
     ████ █████░░████████ ████ █████░░██████ ░░██████  ████ █████░░███████  ░░█████
    ░░░░ ░░░░░  ░░░░░░░░ ░░░░ ░░░░░  ░░░░░░   ░░░░░░  ░░░░ ░░░░░  ░░░░░░░░   ░░░░░
    
Autodetected device type: cuda
2026-10-02 16:53:02,762 - nanochat.common - [32m[1mINFO[0m - Distributed world size: 1
Device: cuda (ddp=False, world_size=1)
GPU: NVIDIA L4 | Peak FLOPS (BF16): 1.21e+14
COMPUTE_DTYPE: torch.bfloat16 (auto-detected: CUDA SM 89 (bf16 supported))
!!!!!!!!!!!!!!!!!!!!!!!!!!!!!!!!!!!!!!!!!!!!!!!!!!!!!!!!!!!!!!!!!!!!!!!!!!!!!!!!
WARNING: Flash Attention 3/4 not available (requires Hopper sm90+ or Blackwell sm100+)
WARNING: Falling back to PyTorch SDPA — training will be less efficient.
!!!!!!!!!!!!!!!!!!!!!!!!!!!!!!!!!!!!!!!!!!!!!!!!!!!!!!!!!!!!!!!!!!!!!!!!!!!!!!!!
Vocab size: 32,768
Model config:
{
  "sequence_len": 64,
  "vocab_size": 32768,
  "n_layer": 2,
  "n_head": 1,
  "n_kv_head": 1,
  "n_embd": 128,
  "use_moe": false,
  "use_perm": false,
  "moe_num_experts": 8,
  "moe_router_dim": 64,
  "moe_embed_dim": 64,
  "dropout": 0.0,
  "use_remix_linear": false,
  "remix_context_dim": 64,
  "remix_context_dim_ratio": 6,
  "remix_basis_size": 64,
  "remix_output_gate_rank": 16,
  "remixed_linear_kwargs": {
    "use_basis_gate": true,
    "use_output_gate": true,
    "use_context": true,
    "basis_gate_mode": "mlp",
    "sparse_gate_k": 0,
    "gate_temperature": 1.0,
    "basis_scale_factor": 4,
    "n_templates": 1,
    "template_routing_learned": false,
    "template_topk": 0,
    "tiny_expert": false,
    "tiny_expert_topk": 16,
    "lokr_expert": false,
    "lokr_n_experts": 64,
    "lokr_topk": 16,
    "lokr_rank": 4,
    "lokr_learned": false,
    "basis_gate_rank": 8,
    "disable_ln_basis": false,
    "chunk_route_impl": "compose",
    "top1_gate": "ones",
    "template_delta_rank": 0,
    "route_side": "output",
    "drop_basis_proj": false,
    "basis_side_templates": 0,
    "grad_equalize": false,
    "output_gate_rank": 16,
    "operator_modulation": "none",
    "lie_generators": 4,
    "poly_order": 2,
    "grassmann_bank_size": 4
  },
  "use_pos_embed": false,
  "moe_use_abs_pos_embed": false,
  "use_layer_context": true,
  "scale_basis_size": true,
  "remix_use_dual_gate": false,
  "remix_use_fused": false,
  "p26_output_gated_linear": 0,
  "p28_shared_basis": 0,
  "p28_chunk_routing_size": 0,
  "p28_global_template_bank": "none",
  "p28_attn_proj_templates": 0,
  "p28_attn_qk_templates": 0,
  "p29_template_block_diag": 0,
  "p29_template_lr_scale": 1.0,
  "p29_grad_equalize": 0,
  "p34_ffn_mult": 4.0,
  "p34_ffn_single": 0,
  "p34_dense_attn": 0,
  "legacy_init_fallback": 0,
  "p35_template_diversity_lambda": 0.0,
  "p22_route_affine": 0,
  "p34_ffn_schedule": "",
  "p34_ffn_no_ffn_replacement": "none",
  "p34_ffn_last_depth": 1,
  "p36_swiglu_ffn": 0,
  "p36_swiglu_mult": 2.6666666666666665,
  "cond_sites": "both",
  "cond_rank": 256,
  "cond_mult_steps": 0,
  "cond_gate_source": "router",
  "cond_coeff_act": "centered",
  "cond_router_rank": 0,
  "cond_live_init": 0.0,
  "cond_router_act": "none",
  "cond_chunk_size": 0,
  "cond_mult_scale": -1.0,
  "cond_mult_impl": "wy",
  "cond_attn_projs": "qkvo",
  "cond_layer_frac": 1.0,
  "perm_expert_mode": "low_rank",
  "perm_rank": 16,
  "router_context_window": -1,
  "router_causal": true,
  "router_num_heads": 4,
  "router_num_queries": 16,
  "router_n_layers": 2,
  "router_use_vocab_prior": false,
  "window_pattern": "L",
  "cclblock_modulation": "weight",
  "cclblock_orth_lambda": 0.0,
  "cclblock_context_stream": "local",
  "cclblock_ema_factor": 0.99,
  "cclblock_stale_ctx_lag": 0,
  "cclblock_sparse_gate_k": 0,
  "cclblock_gate_temperature": 1.0,
  "cclblock_context_bank_size": 0,
  "cclblock_per_head_ctx": false,
  "cclblock_context_source": "norm_x",
  "cclblock_chunk_size": 0,
  "cclblock_aux_objective": "none",
  "cclblock_aux_lambda": 0.1,
  "cclblock_boundary_token_id": 198,
  "use_ral": false,
  "ral_rank": 32,
  "cclblock_film_gate": false,
  "cclblock_attn_shadow_dim": 0,
  "cclblock_dynamic_ratio": 0.25,
  "cclblock_gate_rank": 8,
  "cclblock_num_regimes": 8,
  "cclblock_regime_temperature": 1.0,
  "cclblock_poly_order": 2,
  "cclblock_lie_generators": 4,
  "cclblock_grassmann_bank_size": 4,
  "cclblock_tucker_rank": 32,
  "cclblock_tucker_modes": 8,
  "cclblock_svs_rank": 64,
  "cclblock_svs_eps": 0.1,
  "cclblock_vq_codes": 8,
  "cclblock_vq_temperature": 1.0,
  "cclblock_dcu_warmup_steps": 0,
  "cclblock_fsi_rotations": 8,
  "cclblock_fsi_selector_dim": 64,
  "cclblock_aesp_strata": 4,
  "cclblock_aesp_delta_rank": 4,
  "cclblock_ckr_branches": 4,
  "cclblock_ckr_kernel_size": 64,
  "cclblock_ckr_pos_channels": 1,
  "cclblock_ckr_dual_optim": 0,
  "cclblock_ckr_content_bias": 0.0,
  "cclblock_giad_rank": 32,
  "cclblock_psg_kernel_size": 64,
  "cclblock_ss_dynamic_ratio": 0.25,
  "cclblock_ss_branches": 2,
  "cclblock_ss_kernel_size": 64,
  "cclblock_lokr_branches": 8,
  "cclblock_lokr_rank": 16,
  "cclblock_ckr_temp_start": 2.0,
  "cclblock_ckr_temp_end": 0.3,
  "cclblock_com_kernel_size": 32,
  "cclblock_ckr_ortho_init": 0,
  "cclblock_ckr_branch_dropout": 0.0,
  "cclblock_ckr_diversity_lambda": 0.0,
  "cclblock_ckr_layer_selective": 0,
  "cclblock_pgr_kernel_size": 64,
  "cclblock_cil_kernel_size": 64,
  "cclblock_prb_kernel_size": 64,
  "p18_layer_drop": 0.0,
  "p18_dynamic_activation": 0,
  "p18_mixture_norm": 0,
  "p18_causal_attn_bias": 0,
  "p18_aux_sim_lambda": 0.0,
  "p18_gradient_penalty": 0.0,
  "p18_per_channel_scale": 0,
  "p19_residual_gate": 0,
  "p19_head_importance": 0,
  "p19_residual_mix_groups": 0,
  "p19_attn_logit_bias": 0,
  "p19_residual_decay": 0,
  "p19_grad_equilibrium": 0.0,
  "p19_spectral_reparam": 0,
  "p19_weight_anticollapse": 0.0,
  "p19_ve_bias": 0,
  "p19_weight_noise": 0.0,
  "p20_hrcs_scale": 0,
  "p20_lswr_scale": 0,
  "p20_lswr_planes": 8,
  "p20_lrcfb_branches": 0,
  "p20_lrcfb_narrow": 0,
  "p20_lrcfb_learned": 0,
  "p20_lrcfb_topk": 0,
  "p20_dgcr_branches": 0,
  "p20_dgcr_aux_weight": 0.01,
  "p20_mone_experts": 0,
  "p20_mone_topk": 0,
  "p20_mone_narrow": 1,
  "p20_mone_frozen": 0,
  "p20_ncea_branches": 0,
  "p20_ncea_eps": 0.1,
  "p20_adwi": 0,
  "p20_pwu_branches": 0,
  "p20_pwu_phase": 1,
  "p20_fsvd_gate": 0,
  "p20_wbfc_clusters": 0,
  "p20_wbfc_active": 0,
  "p21_per_experts": 0,
  "p21_per_topk": 0,
  "p21_per_learned": 0,
  "p21_per_attn": 0,
  "p22_attn_moe_route": "none",
  "p23_tiny_expert": 0,
  "p23_n_experts": 64,
  "p23_topk": 16,
  "p23_learned_route": 0,
  "p23_std_moe_experts": 0,
  "p23_std_moe_topk": -1,
  "p23_std_moe_aux_weight": 0.01,
  "p23_lokr": 0,
  "p23_lokr_rank": 4,
  "p23_use_shared_block_router": 0,
  "p23_linear_moe_experts": 0,
  "p23_linear_moe_topk": 0,
  "p23_quantile_route": 0,
  "remix_shared_context_gates": 0,
  "p24_use_sliced_weight": 0,
  "p24_sliced_weight_reduction_scale": 8,
  "p24_sliced_weight_min_select": 128,
  "p24_sliced_weight_scope": "per_token",
  "p24_sliced_weight_balance_coeff": 0.01,
  "p24_quantile_route": 0,
  "p24_use_folded_mod": 0,
  "p24_folded_mod_reduction_scale": 8,
  "p24_folded_mod_min_dim": 128,
  "p24_folded_mod_scope": "per_layer",
  "p24_folded_mod_gate_act": "tanh_centered",
  "p24_use_sequence_gated_linear": 0,
  "p24_sequence_gated_scope": "per_layer",
  "p24_sequence_gated_act": "tanh_centered",
  "remix_disable_ln_basis": 0,
  "dense_intermediate_ln": 0,
  "use_mol": false,
  "mol_n_blocks": 5,
  "mol_n_shared": 1,
  "mol_topk": 3,
  "mol_thin_dim": 256,
  "mol_head_dim": 64,
  "mol_ffn_mult": 4.0,
  "mol_router_aux": 0.05,
  "mol_routed_attn": "softmax",
  "mol_dispatch": 1,
  "mol_capacity_factor": 1.0,
  "mol_block_lr_scale": 1.0,
  "mol_per_block_ve": 0,
  "use_binary": false,
  "binary_acts": true,
  "binary_weight_scale": "row",
  "binary_act_scale": "token",
  "binary_clip": 1.0,
  "binary_linear": true,
  "binary_embeddings": true,
  "binary_skip": "",
  "binary_native": false,
  "binary_tau": 1.0,
  "binary_hard": false,
  "binary_resid_width": 0,
  "binary_attn_chunk": 256,
  "use_mst": false,
  "mst_n_subs": 8,
  "mst_sub_dim": 64,
  "mst_head_dim": 0,
  "mst_input_mode": "fixed_slice",
  "mst_rotated_slice_learned": false,
  "mst_routing_mode": "soft_weighted",
  "mst_routing_topk": 4,
  "mst_routing_aux_weight": 0.01,
  "mst_diversity_weight": 0.0,
  "mst_ffn_mode": "standard",
  "mst_ffn_every": 1,
  "mst_transition_mode": "parallel",
  "mst_final_mode": "aggregate_proj",
  "mst_final_topk": -1,
  "mst_ffn_shared_up": 0,
  "mst_ffn_inner_dim": 0,
  "mst_sub_dropout": 0.0,
  "mst_transition_every": 1,
  "mst_ffa_temperature": 1.0,
  "mst_global_residual": 0,
  "mst_hybrid_dense": 0,
  "mst_cross_sub_kv": 0,
  "mst_sub_aux_weight": 0.0,
  "mst_progressive_merge": 0,
  "mst_multi_scale_windows": 0,
  "mst_delta_residual": 0,
  "mst_sub_layers": 1,
  "mst_grad_equalize": 0,
  "mst_block_diagonal_muon": 0,
  "mst_transition_width_mult": 1.0,
  "mst_sub_lr_scale": 1.0,
  "mst_shared_expert": 0,
  "mst_router_entropy_weight": 0.0,
  "mst_shared_kv_attn": 0,
  "mst_contrastive_diversity_weight": 0.0,
  "mst_transition_nonlinear": 0,
  "mst_transition_gated": 0,
  "mst_transition_mlp": 0,
  "mst_cross_sub_gate": 0,
  "mst_hyper_connect": 0,
  "mst_cross_kv_inject": 0,
  "mst_slice_transition": 0,
  "mst_lookback_layers": 0,
  "mst_bilinear_transition": 0,
  "mst_cross_sub_qmod": 0,
  "mst_feature_cycle": 0,
  "mst_mean_transition": 0,
  "mst_sub_head_dim": 0,
  "mst_final_norm": 0,
  "mst_per_stream_ve": 0,
  "mst_ve_map": 0,
  "mst_ve_map_rank": 0,
  "mst_lm_head_dim": 0,
  "mst_compose_windows": 0,
  "mst_channel_mix": "none",
  "mst_channel_mix_site": "layer",
  "mst_distribute_block_muon": 0,
  "mst_trans_spectral_lr": 0,
  "mst_talking_heads": 0,
  "mst_wo_mode": "block",
  "mst_stream_topk": 0,
  "mst_stream_shared": 0,
  "mst_stream_router_aux": 0.01,
  "mst_stream_router_noise": 0.0,
  "mst_stream_dispatch": 0,
  "mst_stream_capacity_factor": 1.0,
  "mst_stream_gate_attn": 0,
  "mst_ffn_monarch": "none",
  "mst_shampoo": 0,
  "mst_precond_every": 10,
  "mst_shampoo_beta": 0.95,
  "use_eet": false,
  "eet_frozen_kv": true,
  "eet_reenter_final": false,
  "eet_router_type": "mlp2",
  "eet_router_hidden": 0,
  "eet_freq_prior_alpha": 0.0,
  "eet_pos_prior_beta": 0.0,
  "eet_domain_prior": false,
  "eet_warmup_frac": 0.02,
  "eet_explore_frac": 0.15,
  "eet_reconstruct_lambda": 1.0,
  "eet_efficiency_lambda_start": 0.01,
  "eet_efficiency_lambda_end": 0.1,
  "eet_translator_rank": 0,
  "eet_max_frozen_kv_frac": 0.75,
  "eet_exit_threshold": 0.5,
  "eet_min_exit_layer": 1,
  "eet_loss_variant": "reconstruct",
  "eet_topk_vocab": 512,
  "eet_entropy_lambda": 0.3,
  "eet_surprise_lambda": 0.1,
  "eet_adv_lambda": 1.0,
  "eet_adv_entropy_lambda": 0.2,
  "eet_quality_lambda": 1.0,
  "eet_quality_entropy_bonus": 0.1,
  "eet_gumbel_temp_start": 0.0,
  "eet_gumbel_temp_end": 0.1,
  "eet_gumbel_hard": true,
  "eet_commitment_beta": 0.1,
  "eet_global_router": false,
  "eet_freq_efficiency_alpha": 0.0,
  "eet_diversity_lambda": 0.0,
  "eet_ce_guided_lambda": 1.0,
  "eet_router_lr_mult": 5.0,
  "eet_model_lr_mult": 1.0,
  "eet_depth_weight_type": "none",
  "eet_depth_weight_max": 2.5,
  "eet_use_override": 0,
  "eet_override_prob_start": 0.5,
  "eet_override_prob_end": 0.1,
  "eet_compute_skip": false,
  "eet_target_active_frac": 0.125,
  "eet_capacity_schedule": "bell",
  "eet_exit_fracs": null,
  "eet_capacity_alignment_lambda": 0.0,
  "eet_kv_mode": "none",
  "eet_route_noise": 0.0,
  "eet_route_noise_end": -1.0,
  "eet_coverage_diag": false,
  "deep_supervision_lambda": 0.0,
  "deep_supervision_frac": 0.125,
  "eet_width_power": 0.0,
  "eet_width_cap": 16.0,
  "eet_kv_eager": false,
  "eet_router_task_grad": true,
  "eet_reinforce_interval": 0,
  "eet_reinforce_lambda": 0.1,
  "eet_exit_adapter_rank": 0,
  "eet_router_after_block": 0,
  "eet_ffn_skip": false,
  "eet_ffn_target_frac": 0.5,
  "eet_ffn_full_attn": true,
  "eet_depth_affine": false,
  "eet_capacity_anneal_frac": 0.0,
  "eet_learned_schedule": false,
  "eet_departure_summary": false,
  "eet_route_consistency_lambda": 0.0,
  "eet_dense_distill_interval": 0,
  "eet_dense_distill_lambda": 0.5,
  "eet_depth_lr_scale": false,
  "eet_depth_grad_scale": false,
  "eet_detach_aux_from_backbone": false,
  "eet_detach_exit_from_backbone": false,
  "use_code_head": false,
  "sch_head_type": "code",
  "sch_bits": 0,
  "sch_order": 2,
  "sch_max_m": 0,
  "sch_phi_mode": "monomial",
  "sch_code_mode": "binary",
  "sch_code_path": "",
  "sch_code_ecc_bits": 0,
  "sch_code_seed": 1234,
  "sch_phi_density": 0.0,
  "sch_phi_dtype": "bf16",
  "sch_phi_normalize": 1,
  "sch_phi_center": 0,
  "sch_g_type": "linear",
  "sch_g_hidden": 0,
  "sch_g_layers": 2,
  "sch_g_out_std": 0.001,
  "sch_mixture": 1,
  "sch_residual_rank": 0,
  "sch_logit_act": "none",
  "sch_bias": 0,
  "sch_input_mode": "table",
  "sch_input_hidden": 0,
  "sch_product_groups": 8,
  "sch_product_codebook": 256,
  "sch_product_source": "hash",
  "sch_product_impl": "dense",
  "sch_phi_whiten": 0,
  "sch_mixture_per_phi": 0,
  "sch_mixture_topk": 0,
  "sch_mixture_aux": 0.01,
  "sch_monarch_m1": 0,
  "sch_monarch_perm": "none",
  "sch_monarch_perm_path": "",
  "sch_tier_bounds": "",
  "sch_tier_caps": "",
  "sch_tier_order": "freq",
  "sch_tier_perm_path": "",
  "sch_proposal_rank": 32,
  "sch_proposal_topk": 16384,
  "sch_proposal_samples": 4096,
  "sch_proposal_warmup": 0,
  "sch_proposal_chunk": 2048,
  "sch_proposal_aux": 1.0,
  "sch_nfh_mode": "cp",
  "sch_nfh_rank": 32,
  "sch_nfh_dims": "",
  "sch_nfh_groups": 3,
  "sch_nfh_views": 1,
  "sch_nfh_perm": "none",
  "sch_nfh_perm_path": "",
  "sch_nfh_g_type": "linear",
  "sch_nfh_g_hidden": 0,
  "sch_rerank_mode": "topk",
  "sch_rerank_k": 64,
  "sch_rerank_rank": 32,
  "sch_nfh_smooth": 0,
  "sch_nfh_chunk": 256,
  "sap_block_T": 0,
  "sap_block_mode": "indep",
  "sap_block_frac": 0.125,
  "sap_lambda": 1.0,
  "sap_head_layers": 2,
  "sap_head_heads": 0,
  "sap_head_mlp_mult": 2,
  "sap_enc_layers": 1,
  "sap_ctx_window": 16,
  "sap_latent_groups": 4,
  "sap_latent_codes": 16,
  "sap_latent_dim": 64,
  "sap_free_bits": 0.25,
  "sap_kl_anneal_steps": 2000,
  "sap_gumbel_tau": 1.0,
  "sap_cp_components": 8,
  "sap_wta_k": 4,
  "sap_u_freqs": 24,
  "sap_u_interior": 0.8,
  "sap_logit_chunk": 8192,
  "sap_jacobi_sweeps": 2,
  "sap_sir_topk": 16,
  "sap_sir_rank": 32,
  "sap_sir_anchor_stride": 16,
  "sap_sir_fine_stride": 4,
  "sap_sir_refine_frac": 0.25,
  "sap_sir_draft_weight": 1.0,
  "sap_sir_context_weight": 0.25,
  "sap_sir_energy_weight": 0.25
}
Seeded weight init with --seed 1
Checkpoints directory: /vol/out/s01_sap/d2/B1_dense_s1
Parameter counts:
wte                     : 4,194,304
wpe                     : 0
value_embeds            : 4,194,304
lm_head                 : 4,194,304
transformer_matrices    : 393,248
research                : 0
scalars                 : 4
total                   : 12,976,164
Estimated FLOPs per token (total):  2.772192e+07
COST_AXES precision=W16A16E16H16 bops_arith=3.5484e+09 energy_pj_per_token=8.5672e+07 inference_MiB=24.75 training_state_MiB=85.54
Estimated FLOPs per token (active): 2.772192e+07
Estimated active params:            12,976,164
Scaling LRs by 0.0156 for batch size 128 (reference: 524,288)
Scaling weight decay from 0.200000 to 0.075000 for depth 2
Scaling the LR for the AdamW parameters ∝1/√(128/768) = 2.449490
Calculated number of iterations from target FLOPs: 56
Total number of training tokens: 7,168
Tokens : Scaling params ratio: 0.00
Total training FLOPs estimate: 1.987107e+11
Total training FLOPs (active):  1.987107e+11
Total active training FLOPs estimate: 1.987107e+11
Using base scheduler: linear warmup/flat/linear warmdown
Tokens / micro-batch / rank: 2 x 64 = 128
Tokens / micro-batch: 128
Total batch size 128 => gradient accumulation steps: 1
Running pre-compilation warmup (1 dummy forward+backward to init lazy allocations)...
W1002 16:53:13.433000 4 site-packages/torch/_inductor/utils.py:1613] [0/0] Not enough SMs to use max_autotune_gemm mode
Warmup complete. Steady-state VRAM: 0.1 GB allocated
step 00000/00056 (0.00%) | loss: 10.397604 | lrm: 1.00 | lr(adamw:1.430e-02, muon:3.125e-04) | dt: 41.73ms | tok/sec: 3,067 | bf16_mfu: 0.07 | epoch: 1 pq: 0 rg: 0 | total time: 0.00m
step 00001/00056 (1.79%) | loss: 10.396616 | lrm: 1.00 | lr(adamw:1.430e-02, muon:3.125e-04) | dt: 15.65ms | tok/sec: 8,178 | bf16_mfu: 0.19 | epoch: 1 pq: 0 rg: 0 | total time: 0.00m
step 00002/00056 (3.57%) | loss: 10.396431 | lrm: 1.00 | lr(adamw:1.430e-02, muon:3.125e-04) | dt: 14.30ms | tok/sec: 8,953 | bf16_mfu: 0.21 | epoch: 1 pq: 0 rg: 0 | total time: 0.00m
step 00003/00056 (5.36%) | loss: 10.395876 | lrm: 1.00 | lr(adamw:1.430e-02, muon:3.125e-04) | dt: 11.52ms | tok/sec: 11,110 | bf16_mfu: 0.25 | epoch: 1 pq: 0 rg: 0 | total time: 0.00m
step 00004/00056 (7.14%) | loss: 10.395776 | lrm: 1.00 | lr(adamw:1.430e-02, muon:3.125e-04) | dt: 12.07ms | tok/sec: 10,604 | bf16_mfu: 0.24 | epoch: 1 pq: 0 rg: 0 | total time: 0.00m
step 00005/00056 (8.93%) | loss: 10.395623 | lrm: 1.00 | lr(adamw:1.430e-02, muon:3.125e-04) | dt: 57.82ms | tok/sec: 2,213 | bf16_mfu: 0.05 | epoch: 1 pq: 0 rg: 1 | total time: 0.00m
step 00006/00056 (10.71%) | loss: 10.395876 | lrm: 1.00 | lr(adamw:1.430e-02, muon:3.125e-04) | dt: 13.81ms | tok/sec: 9,270 | bf16_mfu: 0.21 | epoch: 1 pq: 0 rg: 1 | total time: 0.00m
step 00007/00056 (12.50%) | loss: 10.395406 | lrm: 1.00 | lr(adamw:1.430e-02, muon:3.125e-04) | dt: 12.34ms | tok/sec: 10,374 | bf16_mfu: 0.24 | epoch: 1 pq: 0 rg: 1 | total time: 0.00m
step 00008/00056 (14.29%) | loss: 10.394239 | lrm: 1.00 | lr(adamw:1.430e-02, muon:3.125e-04) | dt: 11.76ms | tok/sec: 10,880 | bf16_mfu: 0.25 | epoch: 1 pq: 0 rg: 1 | total time: 0.00m
step 00009/00056 (16.07%) | loss: 10.393896 | lrm: 1.00 | lr(adamw:1.430e-02, muon:3.125e-04) | dt: 11.62ms | tok/sec: 11,015 | bf16_mfu: 0.25 | epoch: 1 pq: 0 rg: 1 | total time: 0.00m
step 00010/00056 (17.86%) | loss: 10.393375 | lrm: 1.00 | lr(adamw:1.430e-02, muon:3.125e-04) | dt: 11.88ms | tok/sec: 10,772 | bf16_mfu: 0.25 | epoch: 1 pq: 0 rg: 1 | total time: 0.00m
step 00011/00056 (19.64%) | loss: 10.392824 | lrm: 1.00 | lr(adamw:1.430e-02, muon:3.125e-04) | dt: 12.02ms | tok/sec: 10,651 | bf16_mfu: 0.24 | epoch: 1 pq: 0 rg: 1 | total time: 0.00m | eta: 0.0m
step 00012/00056 (21.43%) | loss: 10.392658 | lrm: 1.00 | lr(adamw:1.430e-02, muon:3.125e-04) | dt: 11.00ms | tok/sec: 11,632 | bf16_mfu: 0.27 | epoch: 1 pq: 0 rg: 1 | total time: 0.00m | eta: 0.0m
step 00013/00056 (23.21%) | loss: 10.391832 | lrm: 1.00 | lr(adamw:1.430e-02, muon:3.125e-04) | dt: 12.18ms | tok/sec: 10,508 | bf16_mfu: 0.24 | epoch: 1 pq: 0 rg: 1 | total time: 0.00m | eta: 0.0m
step 00014/00056 (25.00%) | loss: 10.391065 | lrm: 1.00 | lr(adamw:1.430e-02, muon:3.125e-04) | dt: 11.39ms | tok/sec: 11,236 | bf16_mfu: 0.26 | epoch: 1 pq: 0 rg: 1 | total time: 0.00m | eta: 0.0m
step 00015/00056 (26.79%) | loss: 10.390556 | lrm: 1.00 | lr(adamw:1.430e-02, muon:3.125e-04) | dt: 12.76ms | tok/sec: 10,028 | bf16_mfu: 0.23 | epoch: 1 pq: 0 rg: 1 | total time: 0.00m | eta: 0.0m
step 00016/00056 (28.57%) | loss: 10.390550 | lrm: 1.00 | lr(adamw:1.430e-02, muon:3.125e-04) | dt: 11.69ms | tok/sec: 10,949 | bf16_mfu: 0.25 | epoch: 1 pq: 0 rg: 1 | total time: 0.00m | eta: 0.0m
step 00017/00056 (30.36%) | loss: 10.389523 | lrm: 1.00 | lr(adamw:1.430e-02, muon:3.125e-04) | dt: 11.96ms | tok/sec: 10,704 | bf16_mfu: 0.25 | epoch: 1 pq: 0 rg: 1 | total time: 0.00m | eta: 0.0m
step 00018/00056 (32.14%) | loss: 10.388206 | lrm: 1.00 | lr(adamw:1.430e-02, muon:3.125e-04) | dt: 12.95ms | tok/sec: 9,885 | bf16_mfu: 0.23 | epoch: 1 pq: 0 rg: 1 | total time: 0.00m | eta: 0.0m
step 00019/00056 (33.93%) | loss: 10.388143 | lrm: 1.00 | lr(adamw:1.430e-02, muon:3.125e-04) | dt: 11.43ms | tok/sec: 11,200 | bf16_mfu: 0.26 | epoch: 1 pq: 0 rg: 1 | total time: 0.00m | eta: 0.0m
step 00020/00056 (35.71%) | loss: 10.387630 | lrm: 1.00 | lr(adamw:1.430e-02, muon:3.125e-04) | dt: 12.27ms | tok/sec: 10,429 | bf16_mfu: 0.24 | epoch: 1 pq: 0 rg: 1 | total time: 0.00m | eta: 0.0m
step 00021/00056 (37.50%) | loss: 10.385379 | lrm: 0.97 | lr(adamw:1.393e-02, muon:3.043e-04) | dt: 11.68ms | tok/sec: 10,959 | bf16_mfu: 0.25 | epoch: 1 pq: 0 rg: 1 | total time: 0.00m | eta: 0.0m
step 00022/00056 (39.29%) | loss: 10.383940 | lrm: 0.95 | lr(adamw:1.355e-02, muon:2.960e-04) | dt: 11.59ms | tok/sec: 11,043 | bf16_mfu: 0.25 | epoch: 1 pq: 0 rg: 1 | total time: 0.00m | eta: 0.0m
step 00023/00056 (41.07%) | loss: 10.383468 | lrm: 0.92 | lr(adamw:1.317e-02, muon:2.878e-04) | dt: 11.78ms | tok/sec: 10,864 | bf16_mfu: 0.25 | epoch: 1 pq: 0 rg: 1 | total time: 0.00m | eta: 0.0m
step 00024/00056 (42.86%) | loss: 10.380489 | lrm: 0.89 | lr(adamw:1.279e-02, muon:2.795e-04) | dt: 11.72ms | tok/sec: 10,923 | bf16_mfu: 0.25 | epoch: 1 pq: 0 rg: 1 | total time: 0.00m | eta: 0.0m
step 00025/00056 (44.64%) | loss: 10.380242 | lrm: 0.87 | lr(adamw:1.242e-02, muon:2.713e-04) | dt: 11.55ms | tok/sec: 11,083 | bf16_mfu: 0.25 | epoch: 1 pq: 0 rg: 1 | total time: 0.00m | eta: 0.0m
step 00026/00056 (46.43%) | loss: 10.378770 | lrm: 0.84 | lr(adamw:1.204e-02, muon:2.630e-04) | dt: 12.02ms | tok/sec: 10,650 | bf16_mfu: 0.24 | epoch: 1 pq: 0 rg: 1 | total time: 0.00m | eta: 0.0m
step 00027/00056 (48.21%) | loss: 10.376716 | lrm: 0.82 | lr(adamw:1.166e-02, muon:2.548e-04) | dt: 12.91ms | tok/sec: 9,913 | bf16_mfu: 0.23 | epoch: 1 pq: 0 rg: 1 | total time: 0.00m | eta: 0.0m
step 00028/00056 (50.00%) | loss: 10.374753 | lrm: 0.79 | lr(adamw:1.128e-02, muon:2.465e-04) | dt: 12.58ms | tok/sec: 10,173 | bf16_mfu: 0.23 | epoch: 1 pq: 0 rg: 1 | total time: 0.00m | eta: 0.0m
step 00029/00056 (51.79%) | loss: 10.372598 | lrm: 0.76 | lr(adamw:1.091e-02, muon:2.383e-04) | dt: 12.14ms | tok/sec: 10,545 | bf16_mfu: 0.24 | epoch: 1 pq: 0 rg: 1 | total time: 0.00m | eta: 0.0m
step 00030/00056 (53.57%) | loss: 10.370306 | lrm: 0.74 | lr(adamw:1.053e-02, muon:2.300e-04) | dt: 12.07ms | tok/sec: 10,604 | bf16_mfu: 0.24 | epoch: 1 pq: 0 rg: 1 | total time: 0.00m | eta: 0.0m
step 00031/00056 (55.36%) | loss: 10.367946 | lrm: 0.71 | lr(adamw:1.015e-02, muon:2.218e-04) | dt: 11.69ms | tok/sec: 10,953 | bf16_mfu: 0.25 | epoch: 1 pq: 0 rg: 1 | total time: 0.00m | eta: 0.0m
step 00032/00056 (57.14%) | loss: 10.366995 | lrm: 0.68 | lr(adamw:9.775e-03, muon:2.135e-04) | dt: 11.57ms | tok/sec: 11,067 | bf16_mfu: 0.25 | epoch: 1 pq: 0 rg: 1 | total time: 0.00m | eta: 0.0m
step 00033/00056 (58.93%) | loss: 10.365467 | lrm: 0.66 | lr(adamw:9.397e-03, muon:2.053e-04) | dt: 11.71ms | tok/sec: 10,926 | bf16_mfu: 0.25 | epoch: 1 pq: 0 rg: 1 | total time: 0.00m | eta: 0.0m
step 00034/00056 (60.71%) | loss: 10.361324 | lrm: 0.63 | lr(adamw:9.020e-03, muon:1.970e-04) | dt: 11.19ms | tok/sec: 11,443 | bf16_mfu: 0.26 | epoch: 1 pq: 0 rg: 1 | total time: 0.00m | eta: 0.0m
step 00035/00056 (62.50%) | loss: 10.356524 | lrm: 0.60 | lr(adamw:8.642e-03, muon:1.888e-04) | dt: 11.39ms | tok/sec: 11,233 | bf16_mfu: 0.26 | epoch: 1 pq: 0 rg: 1 | total time: 0.00m | eta: 0.0m
step 00036/00056 (64.29%) | loss: 10.355906 | lrm: 0.58 | lr(adamw:8.265e-03, muon:1.806e-04) | dt: 12.88ms | tok/sec: 9,935 | bf16_mfu: 0.23 | epoch: 1 pq: 0 rg: 1 | total time: 0.01m | eta: 0.0m
step 00037/00056 (66.07%) | loss: 10.353029 | lrm: 0.55 | lr(adamw:7.887e-03, muon:1.723e-04) | dt: 12.36ms | tok/sec: 10,355 | bf16_mfu: 0.24 | epoch: 1 pq: 0 rg: 1 | total time: 0.01m | eta: 0.0m
step 00038/00056 (67.86%) | loss: 10.352214 | lrm: 0.53 | lr(adamw:7.510e-03, muon:1.641e-04) | dt: 11.50ms | tok/sec: 11,131 | bf16_mfu: 0.26 | epoch: 1 pq: 0 rg: 1 | total time: 0.01m | eta: 0.0m
step 00039/00056 (69.64%) | loss: 10.349761 | lrm: 0.50 | lr(adamw:7.132e-03, muon:1.558e-04) | dt: 12.67ms | tok/sec: 10,101 | bf16_mfu: 0.23 | epoch: 1 pq: 0 rg: 1 | total time: 0.01m | eta: 0.0m
step 00040/00056 (71.43%) | loss: 10.346500 | lrm: 0.47 | lr(adamw:6.755e-03, muon:1.476e-04) | dt: 13.57ms | tok/sec: 9,435 | bf16_mfu: 0.22 | epoch: 1 pq: 0 rg: 1 | total time: 0.01m | eta: 0.0m
step 00041/00056 (73.21%) | loss: 10.345399 | lrm: 0.45 | lr(adamw:6.377e-03, muon:1.393e-04) | dt: 11.98ms | tok/sec: 10,683 | bf16_mfu: 0.24 | epoch: 1 pq: 0 rg: 1 | total time: 0.01m | eta: 0.0m
step 00042/00056 (75.00%) | loss: 10.340764 | lrm: 0.42 | lr(adamw:6.000e-03, muon:1.311e-04) | dt: 11.87ms | tok/sec: 10,787 | bf16_mfu: 0.25 | epoch: 1 pq: 0 rg: 1 | total time: 0.01m | eta: 0.0m
step 00043/00056 (76.79%) | loss: 10.336341 | lrm: 0.39 | lr(adamw:5.622e-03, muon:1.228e-04) | dt: 12.40ms | tok/sec: 10,322 | bf16_mfu: 0.24 | epoch: 1 pq: 0 rg: 1 | total time: 0.01m | eta: 0.0m
step 00044/00056 (78.57%) | loss: 10.332153 | lrm: 0.37 | lr(adamw:5.245e-03, muon:1.146e-04) | dt: 13.40ms | tok/sec: 9,554 | bf16_mfu: 0.22 | epoch: 1 pq: 0 rg: 1 | total time: 0.01m | eta: 0.0m
step 00045/00056 (80.36%) | loss: 10.325429 | lrm: 0.34 | lr(adamw:4.867e-03, muon:1.063e-04) | dt: 12.42ms | tok/sec: 10,308 | bf16_mfu: 0.24 | epoch: 1 pq: 0 rg: 1 | total time: 0.01m | eta: 0.0m
step 00046/00056 (82.14%) | loss: 10.320855 | lrm: 0.31 | lr(adamw:4.490e-03, muon:9.809e-05) | dt: 11.66ms | tok/sec: 10,979 | bf16_mfu: 0.25 | epoch: 1 pq: 0 rg: 1 | total time: 0.01m | eta: 0.0m
step 00047/00056 (83.93%) | loss: 10.317968 | lrm: 0.29 | lr(adamw:4.113e-03, muon:8.984e-05) | dt: 11.53ms | tok/sec: 11,105 | bf16_mfu: 0.25 | epoch: 1 pq: 0 rg: 1 | total time: 0.01m | eta: 0.0m
step 00048/00056 (85.71%) | loss: 10.315281 | lrm: 0.26 | lr(adamw:3.735e-03, muon:8.160e-05) | dt: 11.47ms | tok/sec: 11,158 | bf16_mfu: 0.26 | epoch: 1 pq: 0 rg: 1 | total time: 0.01m | eta: 0.0m
step 00049/00056 (87.50%) | loss: 10.310100 | lrm: 0.23 | lr(adamw:3.358e-03, muon:7.335e-05) | dt: 11.99ms | tok/sec: 10,679 | bf16_mfu: 0.24 | epoch: 1 pq: 0 rg: 1 | total time: 0.01m | eta: 0.0m
step 00050/00056 (89.29%) | loss: 10.312127 | lrm: 0.21 | lr(adamw:2.980e-03, muon:6.510e-05) | dt: 12.06ms | tok/sec: 10,616 | bf16_mfu: 0.24 | epoch: 1 pq: 0 rg: 1 | total time: 0.01m | eta: 0.0m
step 00051/00056 (91.07%) | loss: 10.313580 | lrm: 0.18 | lr(adamw:2.603e-03, muon:5.686e-05) | dt: 11.43ms | tok/sec: 11,196 | bf16_mfu: 0.26 | epoch: 1 pq: 0 rg: 1 | total time: 0.01m | eta: 0.0m
step 00052/00056 (92.86%) | loss: 10.314268 | lrm: 0.16 | lr(adamw:2.225e-03, muon:4.861e-05) | dt: 12.79ms | tok/sec: 10,005 | bf16_mfu: 0.23 | epoch: 1 pq: 0 rg: 1 | total time: 0.01m | eta: 0.0m
step 00053/00056 (94.64%) | loss: 10.310735 | lrm: 0.13 | lr(adamw:1.848e-03, muon:4.036e-05) | dt: 13.40ms | tok/sec: 9,552 | bf16_mfu: 0.22 | epoch: 1 pq: 0 rg: 1 | total time: 0.01m | eta: 0.0m
step 00054/00056 (96.43%) | loss: 10.305790 | lrm: 0.10 | lr(adamw:1.470e-03, muon:3.212e-05) | dt: 11.55ms | tok/sec: 11,086 | bf16_mfu: 0.25 | epoch: 1 pq: 0 rg: 1 | total time: 0.01m | eta: 0.0m
step 00055/00056 (98.21%) | loss: 10.308278 | lrm: 0.08 | lr(adamw:1.093e-03, muon:2.387e-05) | dt: 12.40ms | tok/sec: 10,319 | bf16_mfu: 0.24 | epoch: 1 pq: 0 rg: 1 | total time: 0.01m | eta: 0.0m
Step 00056 | Validation bpb: 3.235842 | val_loss: 10.294204
2026-10-02 16:53:49,527 - nanochat.checkpoint_manager - [32m[1mINFO[0m - Saved model parameters to: /vol/out/s01_sap/d2/B1_dense_s1/model_000056.pt
2026-10-02 16:53:49,532 - nanochat.checkpoint_manager - [32m[1mINFO[0m - Saved metadata to: /vol/out/s01_sap/d2/B1_dense_s1/meta_000056.json
step 00056/00056 (final) | loss: 10.308278 | early_stop: 0
Peak memory usage: 171.83MiB
Total training time: 0.01m
Minimum validation bpb: 3.235842
Minimum validation loss (nats/byte): 10.294204

========================================================================================
SAP_sir_TL_s1_d2.log
========================================================================================

                                                       █████                █████
                                                      ░░███                ░░███
     ████████    ██████   ████████    ██████   ██████  ░███████    ██████  ███████
    ░░███░░███  ░░░░░███ ░░███░░███  ███░░███ ███░░███ ░███░░███  ░░░░░███░░░███░
     ░███ ░███   ███████  ░███ ░███ ░███ ░███░███ ░░░  ░███ ░███   ███████  ░███
     ░███ ░███  ███░░███  ░███ ░███ ░███ ░███░███  ███ ░███ ░███  ███░░███  ░███ ███
     ████ █████░░████████ ████ █████░░██████ ░░██████  ████ █████░░███████  ░░█████
    ░░░░ ░░░░░  ░░░░░░░░ ░░░░ ░░░░░  ░░░░░░   ░░░░░░  ░░░░ ░░░░░  ░░░░░░░░   ░░░░░
    
Autodetected device type: cuda
2026-10-02 16:53:05,623 - nanochat.common - [32m[1mINFO[0m - Distributed world size: 1
Device: cuda (ddp=False, world_size=1)
GPU: NVIDIA L4 | Peak FLOPS (BF16): 1.21e+14
COMPUTE_DTYPE: torch.bfloat16 (auto-detected: CUDA SM 89 (bf16 supported))
!!!!!!!!!!!!!!!!!!!!!!!!!!!!!!!!!!!!!!!!!!!!!!!!!!!!!!!!!!!!!!!!!!!!!!!!!!!!!!!!
WARNING: Flash Attention 3/4 not available (requires Hopper sm90+ or Blackwell sm100+)
WARNING: Falling back to PyTorch SDPA — training will be less efficient.
!!!!!!!!!!!!!!!!!!!!!!!!!!!!!!!!!!!!!!!!!!!!!!!!!!!!!!!!!!!!!!!!!!!!!!!!!!!!!!!!
Vocab size: 32,768
[SAP] block head: mode=sir T=64 frac=0.015625 window=16 layers=2 params=305,152
Model config:
{
  "sequence_len": 64,
  "vocab_size": 32768,
  "n_layer": 2,
  "n_head": 1,
  "n_kv_head": 1,
  "n_embd": 128,
  "use_moe": false,
  "use_perm": false,
  "moe_num_experts": 8,
  "moe_router_dim": 64,
  "moe_embed_dim": 64,
  "dropout": 0.0,
  "use_remix_linear": false,
  "remix_context_dim": 64,
  "remix_context_dim_ratio": 6,
  "remix_basis_size": 64,
  "remix_output_gate_rank": 16,
  "remixed_linear_kwargs": {
    "use_basis_gate": true,
    "use_output_gate": true,
    "use_context": true,
    "basis_gate_mode": "mlp",
    "sparse_gate_k": 0,
    "gate_temperature": 1.0,
    "basis_scale_factor": 4,
    "n_templates": 1,
    "template_routing_learned": false,
    "template_topk": 0,
    "tiny_expert": false,
    "tiny_expert_topk": 16,
    "lokr_expert": false,
    "lokr_n_experts": 64,
    "lokr_topk": 16,
    "lokr_rank": 4,
    "lokr_learned": false,
    "basis_gate_rank": 8,
    "disable_ln_basis": false,
    "chunk_route_impl": "compose",
    "top1_gate": "ones",
    "template_delta_rank": 0,
    "route_side": "output",
    "drop_basis_proj": false,
    "basis_side_templates": 0,
    "grad_equalize": false,
    "output_gate_rank": 16,
    "operator_modulation": "none",
    "lie_generators": 4,
    "poly_order": 2,
    "grassmann_bank_size": 4
  },
  "use_pos_embed": false,
  "moe_use_abs_pos_embed": false,
  "use_layer_context": true,
  "scale_basis_size": true,
  "remix_use_dual_gate": false,
  "remix_use_fused": false,
  "p26_output_gated_linear": 0,
  "p28_shared_basis": 0,
  "p28_chunk_routing_size": 0,
  "p28_global_template_bank": "none",
  "p28_attn_proj_templates": 0,
  "p28_attn_qk_templates": 0,
  "p29_template_block_diag": 0,
  "p29_template_lr_scale": 1.0,
  "p29_grad_equalize": 0,
  "p34_ffn_mult": 4.0,
  "p34_ffn_single": 0,
  "p34_dense_attn": 0,
  "legacy_init_fallback": 0,
  "p35_template_diversity_lambda": 0.0,
  "p22_route_affine": 0,
  "p34_ffn_schedule": "",
  "p34_ffn_no_ffn_replacement": "none",
  "p34_ffn_last_depth": 1,
  "p36_swiglu_ffn": 0,
  "p36_swiglu_mult": 2.6666666666666665,
  "cond_sites": "both",
  "cond_rank": 256,
  "cond_mult_steps": 0,
  "cond_gate_source": "router",
  "cond_coeff_act": "centered",
  "cond_router_rank": 0,
  "cond_live_init": 0.0,
  "cond_router_act": "none",
  "cond_chunk_size": 0,
  "cond_mult_scale": -1.0,
  "cond_mult_impl": "wy",
  "cond_attn_projs": "qkvo",
  "cond_layer_frac": 1.0,
  "perm_expert_mode": "low_rank",
  "perm_rank": 16,
  "router_context_window": -1,
  "router_causal": true,
  "router_num_heads": 4,
  "router_num_queries": 16,
  "router_n_layers": 2,
  "router_use_vocab_prior": false,
  "window_pattern": "L",
  "cclblock_modulation": "weight",
  "cclblock_orth_lambda": 0.0,
  "cclblock_context_stream": "local",
  "cclblock_ema_factor": 0.99,
  "cclblock_stale_ctx_lag": 0,
  "cclblock_sparse_gate_k": 0,
  "cclblock_gate_temperature": 1.0,
  "cclblock_context_bank_size": 0,
  "cclblock_per_head_ctx": false,
  "cclblock_context_source": "norm_x",
  "cclblock_chunk_size": 0,
  "cclblock_aux_objective": "none",
  "cclblock_aux_lambda": 0.1,
  "cclblock_boundary_token_id": 198,
  "use_ral": false,
  "ral_rank": 32,
  "cclblock_film_gate": false,
  "cclblock_attn_shadow_dim": 0,
  "cclblock_dynamic_ratio": 0.25,
  "cclblock_gate_rank": 8,
  "cclblock_num_regimes": 8,
  "cclblock_regime_temperature": 1.0,
  "cclblock_poly_order": 2,
  "cclblock_lie_generators": 4,
  "cclblock_grassmann_bank_size": 4,
  "cclblock_tucker_rank": 32,
  "cclblock_tucker_modes": 8,
  "cclblock_svs_rank": 64,
  "cclblock_svs_eps": 0.1,
  "cclblock_vq_codes": 8,
  "cclblock_vq_temperature": 1.0,
  "cclblock_dcu_warmup_steps": 0,
  "cclblock_fsi_rotations": 8,
  "cclblock_fsi_selector_dim": 64,
  "cclblock_aesp_strata": 4,
  "cclblock_aesp_delta_rank": 4,
  "cclblock_ckr_branches": 4,
  "cclblock_ckr_kernel_size": 64,
  "cclblock_ckr_pos_channels": 1,
  "cclblock_ckr_dual_optim": 0,
  "cclblock_ckr_content_bias": 0.0,
  "cclblock_giad_rank": 32,
  "cclblock_psg_kernel_size": 64,
  "cclblock_ss_dynamic_ratio": 0.25,
  "cclblock_ss_branches": 2,
  "cclblock_ss_kernel_size": 64,
  "cclblock_lokr_branches": 8,
  "cclblock_lokr_rank": 16,
  "cclblock_ckr_temp_start": 2.0,
  "cclblock_ckr_temp_end": 0.3,
  "cclblock_com_kernel_size": 32,
  "cclblock_ckr_ortho_init": 0,
  "cclblock_ckr_branch_dropout": 0.0,
  "cclblock_ckr_diversity_lambda": 0.0,
  "cclblock_ckr_layer_selective": 0,
  "cclblock_pgr_kernel_size": 64,
  "cclblock_cil_kernel_size": 64,
  "cclblock_prb_kernel_size": 64,
  "p18_layer_drop": 0.0,
  "p18_dynamic_activation": 0,
  "p18_mixture_norm": 0,
  "p18_causal_attn_bias": 0,
  "p18_aux_sim_lambda": 0.0,
  "p18_gradient_penalty": 0.0,
  "p18_per_channel_scale": 0,
  "p19_residual_gate": 0,
  "p19_head_importance": 0,
  "p19_residual_mix_groups": 0,
  "p19_attn_logit_bias": 0,
  "p19_residual_decay": 0,
  "p19_grad_equilibrium": 0.0,
  "p19_spectral_reparam": 0,
  "p19_weight_anticollapse": 0.0,
  "p19_ve_bias": 0,
  "p19_weight_noise": 0.0,
  "p20_hrcs_scale": 0,
  "p20_lswr_scale": 0,
  "p20_lswr_planes": 8,
  "p20_lrcfb_branches": 0,
  "p20_lrcfb_narrow": 0,
  "p20_lrcfb_learned": 0,
  "p20_lrcfb_topk": 0,
  "p20_dgcr_branches": 0,
  "p20_dgcr_aux_weight": 0.01,
  "p20_mone_experts": 0,
  "p20_mone_topk": 0,
  "p20_mone_narrow": 1,
  "p20_mone_frozen": 0,
  "p20_ncea_branches": 0,
  "p20_ncea_eps": 0.1,
  "p20_adwi": 0,
  "p20_pwu_branches": 0,
  "p20_pwu_phase": 1,
  "p20_fsvd_gate": 0,
  "p20_wbfc_clusters": 0,
  "p20_wbfc_active": 0,
  "p21_per_experts": 0,
  "p21_per_topk": 0,
  "p21_per_learned": 0,
  "p21_per_attn": 0,
  "p22_attn_moe_route": "none",
  "p23_tiny_expert": 0,
  "p23_n_experts": 64,
  "p23_topk": 16,
  "p23_learned_route": 0,
  "p23_std_moe_experts": 0,
  "p23_std_moe_topk": -1,
  "p23_std_moe_aux_weight": 0.01,
  "p23_lokr": 0,
  "p23_lokr_rank": 4,
  "p23_use_shared_block_router": 0,
  "p23_linear_moe_experts": 0,
  "p23_linear_moe_topk": 0,
  "p23_quantile_route": 0,
  "remix_shared_context_gates": 0,
  "p24_use_sliced_weight": 0,
  "p24_sliced_weight_reduction_scale": 8,
  "p24_sliced_weight_min_select": 128,
  "p24_sliced_weight_scope": "per_token",
  "p24_sliced_weight_balance_coeff": 0.01,
  "p24_quantile_route": 0,
  "p24_use_folded_mod": 0,
  "p24_folded_mod_reduction_scale": 8,
  "p24_folded_mod_min_dim": 128,
  "p24_folded_mod_scope": "per_layer",
  "p24_folded_mod_gate_act": "tanh_centered",
  "p24_use_sequence_gated_linear": 0,
  "p24_sequence_gated_scope": "per_layer",
  "p24_sequence_gated_act": "tanh_centered",
  "remix_disable_ln_basis": 0,
  "dense_intermediate_ln": 0,
  "use_mol": false,
  "mol_n_blocks": 5,
  "mol_n_shared": 1,
  "mol_topk": 3,
  "mol_thin_dim": 256,
  "mol_head_dim": 64,
  "mol_ffn_mult": 4.0,
  "mol_router_aux": 0.05,
  "mol_routed_attn": "softmax",
  "mol_dispatch": 1,
  "mol_capacity_factor": 1.0,
  "mol_block_lr_scale": 1.0,
  "mol_per_block_ve": 0,
  "use_binary": false,
  "binary_acts": true,
  "binary_weight_scale": "row",
  "binary_act_scale": "token",
  "binary_clip": 1.0,
  "binary_linear": true,
  "binary_embeddings": true,
  "binary_skip": "",
  "binary_native": false,
  "binary_tau": 1.0,
  "binary_hard": false,
  "binary_resid_width": 0,
  "binary_attn_chunk": 256,
  "use_mst": false,
  "mst_n_subs": 8,
  "mst_sub_dim": 64,
  "mst_head_dim": 0,
  "mst_input_mode": "fixed_slice",
  "mst_rotated_slice_learned": false,
  "mst_routing_mode": "soft_weighted",
  "mst_routing_topk": 4,
  "mst_routing_aux_weight": 0.01,
  "mst_diversity_weight": 0.0,
  "mst_ffn_mode": "standard",
  "mst_ffn_every": 1,
  "mst_transition_mode": "parallel",
  "mst_final_mode": "aggregate_proj",
  "mst_final_topk": -1,
  "mst_ffn_shared_up": 0,
  "mst_ffn_inner_dim": 0,
  "mst_sub_dropout": 0.0,
  "mst_transition_every": 1,
  "mst_ffa_temperature": 1.0,
  "mst_global_residual": 0,
  "mst_hybrid_dense": 0,
  "mst_cross_sub_kv": 0,
  "mst_sub_aux_weight": 0.0,
  "mst_progressive_merge": 0,
  "mst_multi_scale_windows": 0,
  "mst_delta_residual": 0,
  "mst_sub_layers": 1,
  "mst_grad_equalize": 0,
  "mst_block_diagonal_muon": 0,
  "mst_transition_width_mult": 1.0,
  "mst_sub_lr_scale": 1.0,
  "mst_shared_expert": 0,
  "mst_router_entropy_weight": 0.0,
  "mst_shared_kv_attn": 0,
  "mst_contrastive_diversity_weight": 0.0,
  "mst_transition_nonlinear": 0,
  "mst_transition_gated": 0,
  "mst_transition_mlp": 0,
  "mst_cross_sub_gate": 0,
  "mst_hyper_connect": 0,
  "mst_cross_kv_inject": 0,
  "mst_slice_transition": 0,
  "mst_lookback_layers": 0,
  "mst_bilinear_transition": 0,
  "mst_cross_sub_qmod": 0,
  "mst_feature_cycle": 0,
  "mst_mean_transition": 0,
  "mst_sub_head_dim": 0,
  "mst_final_norm": 0,
  "mst_per_stream_ve": 0,
  "mst_ve_map": 0,
  "mst_ve_map_rank": 0,
  "mst_lm_head_dim": 0,
  "mst_compose_windows": 0,
  "mst_channel_mix": "none",
  "mst_channel_mix_site": "layer",
  "mst_distribute_block_muon": 0,
  "mst_trans_spectral_lr": 0,
  "mst_talking_heads": 0,
  "mst_wo_mode": "block",
  "mst_stream_topk": 0,
  "mst_stream_shared": 0,
  "mst_stream_router_aux": 0.01,
  "mst_stream_router_noise": 0.0,
  "mst_stream_dispatch": 0,
  "mst_stream_capacity_factor": 1.0,
  "mst_stream_gate_attn": 0,
  "mst_ffn_monarch": "none",
  "mst_shampoo": 0,
  "mst_precond_every": 10,
  "mst_shampoo_beta": 0.95,
  "use_eet": false,
  "eet_frozen_kv": true,
  "eet_reenter_final": false,
  "eet_router_type": "mlp2",
  "eet_router_hidden": 0,
  "eet_freq_prior_alpha": 0.0,
  "eet_pos_prior_beta": 0.0,
  "eet_domain_prior": false,
  "eet_warmup_frac": 0.02,
  "eet_explore_frac": 0.15,
  "eet_reconstruct_lambda": 1.0,
  "eet_efficiency_lambda_start": 0.01,
  "eet_efficiency_lambda_end": 0.1,
  "eet_translator_rank": 0,
  "eet_max_frozen_kv_frac": 0.75,
  "eet_exit_threshold": 0.5,
  "eet_min_exit_layer": 1,
  "eet_loss_variant": "reconstruct",
  "eet_topk_vocab": 512,
  "eet_entropy_lambda": 0.3,
  "eet_surprise_lambda": 0.1,
  "eet_adv_lambda": 1.0,
  "eet_adv_entropy_lambda": 0.2,
  "eet_quality_lambda": 1.0,
  "eet_quality_entropy_bonus": 0.1,
  "eet_gumbel_temp_start": 0.0,
  "eet_gumbel_temp_end": 0.1,
  "eet_gumbel_hard": true,
  "eet_commitment_beta": 0.1,
  "eet_global_router": false,
  "eet_freq_efficiency_alpha": 0.0,
  "eet_diversity_lambda": 0.0,
  "eet_ce_guided_lambda": 1.0,
  "eet_router_lr_mult": 5.0,
  "eet_model_lr_mult": 1.0,
  "eet_depth_weight_type": "none",
  "eet_depth_weight_max": 2.5,
  "eet_use_override": 0,
  "eet_override_prob_start": 0.5,
  "eet_override_prob_end": 0.1,
  "eet_compute_skip": false,
  "eet_target_active_frac": 0.125,
  "eet_capacity_schedule": "bell",
  "eet_exit_fracs": null,
  "eet_capacity_alignment_lambda": 0.0,
  "eet_kv_mode": "none",
  "eet_route_noise": 0.0,
  "eet_route_noise_end": -1.0,
  "eet_coverage_diag": false,
  "deep_supervision_lambda": 0.0,
  "deep_supervision_frac": 0.125,
  "eet_width_power": 0.0,
  "eet_width_cap": 16.0,
  "eet_kv_eager": false,
  "eet_router_task_grad": true,
  "eet_reinforce_interval": 0,
  "eet_reinforce_lambda": 0.1,
  "eet_exit_adapter_rank": 0,
  "eet_router_after_block": 0,
  "eet_ffn_skip": false,
  "eet_ffn_target_frac": 0.5,
  "eet_ffn_full_attn": true,
  "eet_depth_affine": false,
  "eet_capacity_anneal_frac": 0.0,
  "eet_learned_schedule": false,
  "eet_departure_summary": false,
  "eet_route_consistency_lambda": 0.0,
  "eet_dense_distill_interval": 0,
  "eet_dense_distill_lambda": 0.5,
  "eet_depth_lr_scale": false,
  "eet_depth_grad_scale": false,
  "eet_detach_aux_from_backbone": false,
  "eet_detach_exit_from_backbone": false,
  "use_code_head": false,
  "sch_head_type": "code",
  "sch_bits": 0,
  "sch_order": 2,
  "sch_max_m": 0,
  "sch_phi_mode": "monomial",
  "sch_code_mode": "binary",
  "sch_code_path": "",
  "sch_code_ecc_bits": 0,
  "sch_code_seed": 1234,
  "sch_phi_density": 0.0,
  "sch_phi_dtype": "bf16",
  "sch_phi_normalize": 1,
  "sch_phi_center": 0,
  "sch_g_type": "linear",
  "sch_g_hidden": 0,
  "sch_g_layers": 2,
  "sch_g_out_std": 0.001,
  "sch_mixture": 1,
  "sch_residual_rank": 0,
  "sch_logit_act": "none",
  "sch_bias": 0,
  "sch_input_mode": "table",
  "sch_input_hidden": 0,
  "sch_product_groups": 8,
  "sch_product_codebook": 256,
  "sch_product_source": "hash",
  "sch_product_impl": "dense",
  "sch_phi_whiten": 0,
  "sch_mixture_per_phi": 0,
  "sch_mixture_topk": 0,
  "sch_mixture_aux": 0.01,
  "sch_monarch_m1": 0,
  "sch_monarch_perm": "none",
  "sch_monarch_perm_path": "",
  "sch_tier_bounds": "",
  "sch_tier_caps": "",
  "sch_tier_order": "freq",
  "sch_tier_perm_path": "",
  "sch_proposal_rank": 32,
  "sch_proposal_topk": 16384,
  "sch_proposal_samples": 4096,
  "sch_proposal_warmup": 0,
  "sch_proposal_chunk": 2048,
  "sch_proposal_aux": 1.0,
  "sch_nfh_mode": "cp",
  "sch_nfh_rank": 32,
  "sch_nfh_dims": "",
  "sch_nfh_groups": 3,
  "sch_nfh_views": 1,
  "sch_nfh_perm": "none",
  "sch_nfh_perm_path": "",
  "sch_nfh_g_type": "linear",
  "sch_nfh_g_hidden": 0,
  "sch_rerank_mode": "topk",
  "sch_rerank_k": 64,
  "sch_rerank_rank": 32,
  "sch_nfh_smooth": 0,
  "sch_nfh_chunk": 256,
  "sap_block_T": 64,
  "sap_block_mode": "sir",
  "sap_block_frac": 0.015625,
  "sap_lambda": 1.0,
  "sap_head_layers": 2,
  "sap_head_heads": 0,
  "sap_head_mlp_mult": 2,
  "sap_enc_layers": 1,
  "sap_ctx_window": 16,
  "sap_latent_groups": 4,
  "sap_latent_codes": 16,
  "sap_latent_dim": 64,
  "sap_free_bits": 0.25,
  "sap_kl_anneal_steps": 2000,
  "sap_gumbel_tau": 1.0,
  "sap_cp_components": 8,
  "sap_wta_k": 4,
  "sap_u_freqs": 24,
  "sap_u_interior": 0.8,
  "sap_logit_chunk": 8192,
  "sap_jacobi_sweeps": 2,
  "sap_sir_topk": 16,
  "sap_sir_rank": 32,
  "sap_sir_anchor_stride": 16,
  "sap_sir_fine_stride": 4,
  "sap_sir_refine_frac": 0.25,
  "sap_sir_draft_weight": 1.0,
  "sap_sir_context_weight": 0.25,
  "sap_sir_energy_weight": 0.25
}
Seeded weight init with --seed 1
Checkpoints directory: /vol/out/s01_sap/d2/SAP_sir_TL_s1
Parameter counts:
wte                     : 4,194,304
wpe                     : 0
value_embeds            : 4,194,304
lm_head                 : 4,194,304
transformer_matrices    : 393,248
research                : 305,152
scalars                 : 4
total                   : 13,281,316
Estimated FLOPs per token (total):  8.007034e+07
COST_AXES precision=W16A16E16H16 bops_arith=1.0249e+10 energy_pj_per_token=1.2646e+08 inference_MiB=25.33 training_state_MiB=87.55
Estimated FLOPs per token (active): 8.007034e+07
Estimated active params:            13,281,316
[SAP] block head: mode=sir T=64 frac=0.015625 window=16 layers=2 params=10,678,272
Scaling LRs by 0.0156 for batch size 128 (reference: 524,288)
Scaling weight decay from 0.200000 to 0.075000 for depth 2
Scaling the LR for the AdamW parameters ∝1/√(128/768) = 2.449490
Calculated number of iterations from target FLOPs: 20
Total number of training tokens: 2,560
Tokens : Scaling params ratio: 0.00
Total training FLOPs estimate: 2.049801e+11
Total training FLOPs (active):  2.049801e+11
Total active training FLOPs estimate: 2.049801e+11
Using base scheduler: linear warmup/flat/linear warmdown
Tokens / micro-batch / rank: 2 x 64 = 128
Tokens / micro-batch: 128
Total batch size 128 => gradient accumulation steps: 1
Running pre-compilation warmup (1 dummy forward+backward to init lazy allocations)...
W1002 16:53:26.103000 4 site-packages/torch/_inductor/utils.py:1613] [0/0] Not enough SMs to use max_autotune_gemm mode
Warmup complete. Steady-state VRAM: 0.1 GB allocated
step 00000/00020 (0.00%) | loss: 20.794817 | lrm: 1.00 | lr(adamw:1.430e-02, muon:3.125e-04) | dt: 59.16ms | tok/sec: 2,163 | bf16_mfu: 0.14 | epoch: 1 pq: 0 rg: 0 | total time: 0.00m
step 00001/00020 (5.00%) | loss: 20.792862 | lrm: 1.00 | lr(adamw:1.430e-02, muon:3.125e-04) | dt: 26.90ms | tok/sec: 4,758 | bf16_mfu: 0.31 | epoch: 1 pq: 0 rg: 0 | total time: 0.00m
step 00002/00020 (10.00%) | loss: 20.789470 | lrm: 1.00 | lr(adamw:1.430e-02, muon:3.125e-04) | dt: 24.56ms | tok/sec: 5,211 | bf16_mfu: 0.34 | epoch: 1 pq: 0 rg: 0 | total time: 0.00m
step 00003/00020 (15.00%) | loss: 20.785853 | lrm: 1.00 | lr(adamw:1.430e-02, muon:3.125e-04) | dt: 23.82ms | tok/sec: 5,373 | bf16_mfu: 0.36 | epoch: 1 pq: 0 rg: 0 | total time: 0.00m
step 00004/00020 (20.00%) | loss: 20.782094 | lrm: 1.00 | lr(adamw:1.430e-02, muon:3.125e-04) | dt: 23.45ms | tok/sec: 5,459 | bf16_mfu: 0.36 | epoch: 1 pq: 0 rg: 0 | total time: 0.00m
step 00005/00020 (25.00%) | loss: 20.779063 | lrm: 1.00 | lr(adamw:1.430e-02, muon:3.125e-04) | dt: 76.00ms | tok/sec: 1,684 | bf16_mfu: 0.11 | epoch: 1 pq: 0 rg: 1 | total time: 0.00m
step 00006/00020 (30.00%) | loss: 20.776995 | lrm: 1.00 | lr(adamw:1.430e-02, muon:3.125e-04) | dt: 24.66ms | tok/sec: 5,190 | bf16_mfu: 0.34 | epoch: 1 pq: 0 rg: 1 | total time: 0.00m
step 00007/00020 (35.00%) | loss: 20.768975 | lrm: 1.00 | lr(adamw:1.430e-02, muon:3.125e-04) | dt: 26.78ms | tok/sec: 4,778 | bf16_mfu: 0.32 | epoch: 1 pq: 0 rg: 1 | total time: 0.00m
step 00008/00020 (40.00%) | loss: 20.759631 | lrm: 0.93 | lr(adamw:1.326e-02, muon:2.897e-04) | dt: 25.84ms | tok/sec: 4,953 | bf16_mfu: 0.33 | epoch: 1 pq: 0 rg: 1 | total time: 0.00m
step 00009/00020 (45.00%) | loss: 20.751933 | lrm: 0.85 | lr(adamw:1.221e-02, muon:2.668e-04) | dt: 25.29ms | tok/sec: 5,061 | bf16_mfu: 0.33 | epoch: 1 pq: 0 rg: 1 | total time: 0.00m
step 00010/00020 (50.00%) | loss: 20.748959 | lrm: 0.78 | lr(adamw:1.117e-02, muon:2.440e-04) | dt: 25.91ms | tok/sec: 4,940 | bf16_mfu: 0.33 | epoch: 1 pq: 0 rg: 1 | total time: 0.00m
step 00011/00020 (55.00%) | loss: 20.740666 | lrm: 0.71 | lr(adamw:1.012e-02, muon:2.212e-04) | dt: 25.21ms | tok/sec: 5,077 | bf16_mfu: 0.34 | epoch: 1 pq: 0 rg: 1 | total time: 0.00m | eta: 0.0m
step 00012/00020 (60.00%) | loss: 20.734431 | lrm: 0.63 | lr(adamw:9.078e-03, muon:1.983e-04) | dt: 25.73ms | tok/sec: 4,974 | bf16_mfu: 0.33 | epoch: 1 pq: 0 rg: 1 | total time: 0.00m | eta: 0.0m
step 00013/00020 (65.00%) | loss: 20.725158 | lrm: 0.56 | lr(adamw:8.032e-03, muon:1.755e-04) | dt: 25.65ms | tok/sec: 4,989 | bf16_mfu: 0.33 | epoch: 1 pq: 0 rg: 1 | total time: 0.00m | eta: 0.0m
step 00014/00020 (70.00%) | loss: 20.720767 | lrm: 0.49 | lr(adamw:6.987e-03, muon:1.526e-04) | dt: 25.83ms | tok/sec: 4,956 | bf16_mfu: 0.33 | epoch: 1 pq: 0 rg: 1 | total time: 0.00m | eta: 0.0m
step 00015/00020 (75.00%) | loss: 20.712916 | lrm: 0.42 | lr(adamw:5.942e-03, muon:1.298e-04) | dt: 24.75ms | tok/sec: 5,172 | bf16_mfu: 0.34 | epoch: 1 pq: 0 rg: 1 | total time: 0.00m | eta: 0.0m
step 00016/00020 (80.00%) | loss: 20.706821 | lrm: 0.34 | lr(adamw:4.897e-03, muon:1.070e-04) | dt: 24.85ms | tok/sec: 5,150 | bf16_mfu: 0.34 | epoch: 1 pq: 0 rg: 1 | total time: 0.00m | eta: 0.0m
step 00017/00020 (85.00%) | loss: 20.701714 | lrm: 0.27 | lr(adamw:3.851e-03, muon:8.413e-05) | dt: 24.85ms | tok/sec: 5,150 | bf16_mfu: 0.34 | epoch: 1 pq: 0 rg: 1 | total time: 0.00m | eta: 0.0m
step 00018/00020 (90.00%) | loss: 20.688666 | lrm: 0.20 | lr(adamw:2.806e-03, muon:6.130e-05) | dt: 24.57ms | tok/sec: 5,210 | bf16_mfu: 0.34 | epoch: 1 pq: 0 rg: 1 | total time: 0.00m | eta: 0.0m
step 00019/00020 (95.00%) | loss: 20.685778 | lrm: 0.12 | lr(adamw:1.761e-03, muon:3.846e-05) | dt: 24.18ms | tok/sec: 5,292 | bf16_mfu: 0.35 | epoch: 1 pq: 0 rg: 1 | total time: 0.00m | eta: 0.0m
Step 00020 | Validation bpb: 3.265320 | val_loss: 10.387984
Step 00020 | SAP block bpb: 3.588371 | next-token bpb on the same tokens: 3.622258 | latent sensitivity: None nats
SAP_EVAL_JSON {"step": 20, "ntp_bpb_same_tokens": 3.622257898132326, "block_bpb": 3.5883706338996233, "blocks": 1, "latent_sensitivity_nats": null, "block_over_ntp": 0.990644712445744}
2026-10-02 16:54:27,988 - nanochat.checkpoint_manager - [32m[1mINFO[0m - Saved model parameters to: /vol/out/s01_sap/d2/SAP_sir_TL_s1/model_000020.pt
2026-10-02 16:54:27,993 - nanochat.checkpoint_manager - [32m[1mINFO[0m - Saved metadata to: /vol/out/s01_sap/d2/SAP_sir_TL_s1/meta_000020.json
step 00020/00020 (final) | loss: 20.685778 | early_stop: 0
Peak memory usage: 200.94MiB
Total training time: 0.00m
Minimum validation bpb: 3.265320
Minimum validation loss (nats/byte): 10.387984

========================================================================================
SAP_sir_full_TL_s1_d2.log
========================================================================================

                                                       █████                █████
                                                      ░░███                ░░███
     ████████    ██████   ████████    ██████   ██████  ░███████    ██████  ███████
    ░░███░░███  ░░░░░███ ░░███░░███  ███░░███ ███░░███ ░███░░███  ░░░░░███░░░███░
     ░███ ░███   ███████  ░███ ░███ ░███ ░███░███ ░░░  ░███ ░███   ███████  ░███
     ░███ ░███  ███░░███  ░███ ░███ ░███ ░███░███  ███ ░███ ░███  ███░░███  ░███ ███
     ████ █████░░████████ ████ █████░░██████ ░░██████  ████ █████░░███████  ░░█████
    ░░░░ ░░░░░  ░░░░░░░░ ░░░░ ░░░░░  ░░░░░░   ░░░░░░  ░░░░ ░░░░░  ░░░░░░░░   ░░░░░
    
Autodetected device type: cuda
2026-10-02 16:53:10,276 - nanochat.common - [32m[1mINFO[0m - Distributed world size: 1
Device: cuda (ddp=False, world_size=1)
GPU: NVIDIA L4 | Peak FLOPS (BF16): 1.21e+14
COMPUTE_DTYPE: torch.bfloat16 (auto-detected: CUDA SM 89 (bf16 supported))
!!!!!!!!!!!!!!!!!!!!!!!!!!!!!!!!!!!!!!!!!!!!!!!!!!!!!!!!!!!!!!!!!!!!!!!!!!!!!!!!
WARNING: Flash Attention 3/4 not available (requires Hopper sm90+ or Blackwell sm100+)
WARNING: Falling back to PyTorch SDPA — training will be less efficient.
!!!!!!!!!!!!!!!!!!!!!!!!!!!!!!!!!!!!!!!!!!!!!!!!!!!!!!!!!!!!!!!!!!!!!!!!!!!!!!!!
Vocab size: 32,768
[SAP] block head: mode=sir_full T=64 frac=0.015625 window=16 layers=3 params=465,024
Model config:
{
  "sequence_len": 64,
  "vocab_size": 32768,
  "n_layer": 2,
  "n_head": 1,
  "n_kv_head": 1,
  "n_embd": 128,
  "use_moe": false,
  "use_perm": false,
  "moe_num_experts": 8,
  "moe_router_dim": 64,
  "moe_embed_dim": 64,
  "dropout": 0.0,
  "use_remix_linear": false,
  "remix_context_dim": 64,
  "remix_context_dim_ratio": 6,
  "remix_basis_size": 64,
  "remix_output_gate_rank": 16,
  "remixed_linear_kwargs": {
    "use_basis_gate": true,
    "use_output_gate": true,
    "use_context": true,
    "basis_gate_mode": "mlp",
    "sparse_gate_k": 0,
    "gate_temperature": 1.0,
    "basis_scale_factor": 4,
    "n_templates": 1,
    "template_routing_learned": false,
    "template_topk": 0,
    "tiny_expert": false,
    "tiny_expert_topk": 16,
    "lokr_expert": false,
    "lokr_n_experts": 64,
    "lokr_topk": 16,
    "lokr_rank": 4,
    "lokr_learned": false,
    "basis_gate_rank": 8,
    "disable_ln_basis": false,
    "chunk_route_impl": "compose",
    "top1_gate": "ones",
    "template_delta_rank": 0,
    "route_side": "output",
    "drop_basis_proj": false,
    "basis_side_templates": 0,
    "grad_equalize": false,
    "output_gate_rank": 16,
    "operator_modulation": "none",
    "lie_generators": 4,
    "poly_order": 2,
    "grassmann_bank_size": 4
  },
  "use_pos_embed": false,
  "moe_use_abs_pos_embed": false,
  "use_layer_context": true,
  "scale_basis_size": true,
  "remix_use_dual_gate": false,
  "remix_use_fused": false,
  "p26_output_gated_linear": 0,
  "p28_shared_basis": 0,
  "p28_chunk_routing_size": 0,
  "p28_global_template_bank": "none",
  "p28_attn_proj_templates": 0,
  "p28_attn_qk_templates": 0,
  "p29_template_block_diag": 0,
  "p29_template_lr_scale": 1.0,
  "p29_grad_equalize": 0,
  "p34_ffn_mult": 4.0,
  "p34_ffn_single": 0,
  "p34_dense_attn": 0,
  "legacy_init_fallback": 0,
  "p35_template_diversity_lambda": 0.0,
  "p22_route_affine": 0,
  "p34_ffn_schedule": "",
  "p34_ffn_no_ffn_replacement": "none",
  "p34_ffn_last_depth": 1,
  "p36_swiglu_ffn": 0,
  "p36_swiglu_mult": 2.6666666666666665,
  "cond_sites": "both",
  "cond_rank": 256,
  "cond_mult_steps": 0,
  "cond_gate_source": "router",
  "cond_coeff_act": "centered",
  "cond_router_rank": 0,
  "cond_live_init": 0.0,
  "cond_router_act": "none",
  "cond_chunk_size": 0,
  "cond_mult_scale": -1.0,
  "cond_mult_impl": "wy",
  "cond_attn_projs": "qkvo",
  "cond_layer_frac": 1.0,
  "perm_expert_mode": "low_rank",
  "perm_rank": 16,
  "router_context_window": -1,
  "router_causal": true,
  "router_num_heads": 4,
  "router_num_queries": 16,
  "router_n_layers": 2,
  "router_use_vocab_prior": false,
  "window_pattern": "L",
  "cclblock_modulation": "weight",
  "cclblock_orth_lambda": 0.0,
  "cclblock_context_stream": "local",
  "cclblock_ema_factor": 0.99,
  "cclblock_stale_ctx_lag": 0,
  "cclblock_sparse_gate_k": 0,
  "cclblock_gate_temperature": 1.0,
  "cclblock_context_bank_size": 0,
  "cclblock_per_head_ctx": false,
  "cclblock_context_source": "norm_x",
  "cclblock_chunk_size": 0,
  "cclblock_aux_objective": "none",
  "cclblock_aux_lambda": 0.1,
  "cclblock_boundary_token_id": 198,
  "use_ral": false,
  "ral_rank": 32,
  "cclblock_film_gate": false,
  "cclblock_attn_shadow_dim": 0,
  "cclblock_dynamic_ratio": 0.25,
  "cclblock_gate_rank": 8,
  "cclblock_num_regimes": 8,
  "cclblock_regime_temperature": 1.0,
  "cclblock_poly_order": 2,
  "cclblock_lie_generators": 4,
  "cclblock_grassmann_bank_size": 4,
  "cclblock_tucker_rank": 32,
  "cclblock_tucker_modes": 8,
  "cclblock_svs_rank": 64,
  "cclblock_svs_eps": 0.1,
  "cclblock_vq_codes": 8,
  "cclblock_vq_temperature": 1.0,
  "cclblock_dcu_warmup_steps": 0,
  "cclblock_fsi_rotations": 8,
  "cclblock_fsi_selector_dim": 64,
  "cclblock_aesp_strata": 4,
  "cclblock_aesp_delta_rank": 4,
  "cclblock_ckr_branches": 4,
  "cclblock_ckr_kernel_size": 64,
  "cclblock_ckr_pos_channels": 1,
  "cclblock_ckr_dual_optim": 0,
  "cclblock_ckr_content_bias": 0.0,
  "cclblock_giad_rank": 32,
  "cclblock_psg_kernel_size": 64,
  "cclblock_ss_dynamic_ratio": 0.25,
  "cclblock_ss_branches": 2,
  "cclblock_ss_kernel_size": 64,
  "cclblock_lokr_branches": 8,
  "cclblock_lokr_rank": 16,
  "cclblock_ckr_temp_start": 2.0,
  "cclblock_ckr_temp_end": 0.3,
  "cclblock_com_kernel_size": 32,
  "cclblock_ckr_ortho_init": 0,
  "cclblock_ckr_branch_dropout": 0.0,
  "cclblock_ckr_diversity_lambda": 0.0,
  "cclblock_ckr_layer_selective": 0,
  "cclblock_pgr_kernel_size": 64,
  "cclblock_cil_kernel_size": 64,
  "cclblock_prb_kernel_size": 64,
  "p18_layer_drop": 0.0,
  "p18_dynamic_activation": 0,
  "p18_mixture_norm": 0,
  "p18_causal_attn_bias": 0,
  "p18_aux_sim_lambda": 0.0,
  "p18_gradient_penalty": 0.0,
  "p18_per_channel_scale": 0,
  "p19_residual_gate": 0,
  "p19_head_importance": 0,
  "p19_residual_mix_groups": 0,
  "p19_attn_logit_bias": 0,
  "p19_residual_decay": 0,
  "p19_grad_equilibrium": 0.0,
  "p19_spectral_reparam": 0,
  "p19_weight_anticollapse": 0.0,
  "p19_ve_bias": 0,
  "p19_weight_noise": 0.0,
  "p20_hrcs_scale": 0,
  "p20_lswr_scale": 0,
  "p20_lswr_planes": 8,
  "p20_lrcfb_branches": 0,
  "p20_lrcfb_narrow": 0,
  "p20_lrcfb_learned": 0,
  "p20_lrcfb_topk": 0,
  "p20_dgcr_branches": 0,
  "p20_dgcr_aux_weight": 0.01,
  "p20_mone_experts": 0,
  "p20_mone_topk": 0,
  "p20_mone_narrow": 1,
  "p20_mone_frozen": 0,
  "p20_ncea_branches": 0,
  "p20_ncea_eps": 0.1,
  "p20_adwi": 0,
  "p20_pwu_branches": 0,
  "p20_pwu_phase": 1,
  "p20_fsvd_gate": 0,
  "p20_wbfc_clusters": 0,
  "p20_wbfc_active": 0,
  "p21_per_experts": 0,
  "p21_per_topk": 0,
  "p21_per_learned": 0,
  "p21_per_attn": 0,
  "p22_attn_moe_route": "none",
  "p23_tiny_expert": 0,
  "p23_n_experts": 64,
  "p23_topk": 16,
  "p23_learned_route": 0,
  "p23_std_moe_experts": 0,
  "p23_std_moe_topk": -1,
  "p23_std_moe_aux_weight": 0.01,
  "p23_lokr": 0,
  "p23_lokr_rank": 4,
  "p23_use_shared_block_router": 0,
  "p23_linear_moe_experts": 0,
  "p23_linear_moe_topk": 0,
  "p23_quantile_route": 0,
  "remix_shared_context_gates": 0,
  "p24_use_sliced_weight": 0,
  "p24_sliced_weight_reduction_scale": 8,
  "p24_sliced_weight_min_select": 128,
  "p24_sliced_weight_scope": "per_token",
  "p24_sliced_weight_balance_coeff": 0.01,
  "p24_quantile_route": 0,
  "p24_use_folded_mod": 0,
  "p24_folded_mod_reduction_scale": 8,
  "p24_folded_mod_min_dim": 128,
  "p24_folded_mod_scope": "per_layer",
  "p24_folded_mod_gate_act": "tanh_centered",
  "p24_use_sequence_gated_linear": 0,
  "p24_sequence_gated_scope": "per_layer",
  "p24_sequence_gated_act": "tanh_centered",
  "remix_disable_ln_basis": 0,
  "dense_intermediate_ln": 0,
  "use_mol": false,
  "mol_n_blocks": 5,
  "mol_n_shared": 1,
  "mol_topk": 3,
  "mol_thin_dim": 256,
  "mol_head_dim": 64,
  "mol_ffn_mult": 4.0,
  "mol_router_aux": 0.05,
  "mol_routed_attn": "softmax",
  "mol_dispatch": 1,
  "mol_capacity_factor": 1.0,
  "mol_block_lr_scale": 1.0,
  "mol_per_block_ve": 0,
  "use_binary": false,
  "binary_acts": true,
  "binary_weight_scale": "row",
  "binary_act_scale": "token",
  "binary_clip": 1.0,
  "binary_linear": true,
  "binary_embeddings": true,
  "binary_skip": "",
  "binary_native": false,
  "binary_tau": 1.0,
  "binary_hard": false,
  "binary_resid_width": 0,
  "binary_attn_chunk": 256,
  "use_mst": false,
  "mst_n_subs": 8,
  "mst_sub_dim": 64,
  "mst_head_dim": 0,
  "mst_input_mode": "fixed_slice",
  "mst_rotated_slice_learned": false,
  "mst_routing_mode": "soft_weighted",
  "mst_routing_topk": 4,
  "mst_routing_aux_weight": 0.01,
  "mst_diversity_weight": 0.0,
  "mst_ffn_mode": "standard",
  "mst_ffn_every": 1,
  "mst_transition_mode": "parallel",
  "mst_final_mode": "aggregate_proj",
  "mst_final_topk": -1,
  "mst_ffn_shared_up": 0,
  "mst_ffn_inner_dim": 0,
  "mst_sub_dropout": 0.0,
  "mst_transition_every": 1,
  "mst_ffa_temperature": 1.0,
  "mst_global_residual": 0,
  "mst_hybrid_dense": 0,
  "mst_cross_sub_kv": 0,
  "mst_sub_aux_weight": 0.0,
  "mst_progressive_merge": 0,
  "mst_multi_scale_windows": 0,
  "mst_delta_residual": 0,
  "mst_sub_layers": 1,
  "mst_grad_equalize": 0,
  "mst_block_diagonal_muon": 0,
  "mst_transition_width_mult": 1.0,
  "mst_sub_lr_scale": 1.0,
  "mst_shared_expert": 0,
  "mst_router_entropy_weight": 0.0,
  "mst_shared_kv_attn": 0,
  "mst_contrastive_diversity_weight": 0.0,
  "mst_transition_nonlinear": 0,
  "mst_transition_gated": 0,
  "mst_transition_mlp": 0,
  "mst_cross_sub_gate": 0,
  "mst_hyper_connect": 0,
  "mst_cross_kv_inject": 0,
  "mst_slice_transition": 0,
  "mst_lookback_layers": 0,
  "mst_bilinear_transition": 0,
  "mst_cross_sub_qmod": 0,
  "mst_feature_cycle": 0,
  "mst_mean_transition": 0,
  "mst_sub_head_dim": 0,
  "mst_final_norm": 0,
  "mst_per_stream_ve": 0,
  "mst_ve_map": 0,
  "mst_ve_map_rank": 0,
  "mst_lm_head_dim": 0,
  "mst_compose_windows": 0,
  "mst_channel_mix": "none",
  "mst_channel_mix_site": "layer",
  "mst_distribute_block_muon": 0,
  "mst_trans_spectral_lr": 0,
  "mst_talking_heads": 0,
  "mst_wo_mode": "block",
  "mst_stream_topk": 0,
  "mst_stream_shared": 0,
  "mst_stream_router_aux": 0.01,
  "mst_stream_router_noise": 0.0,
  "mst_stream_dispatch": 0,
  "mst_stream_capacity_factor": 1.0,
  "mst_stream_gate_attn": 0,
  "mst_ffn_monarch": "none",
  "mst_shampoo": 0,
  "mst_precond_every": 10,
  "mst_shampoo_beta": 0.95,
  "use_eet": false,
  "eet_frozen_kv": true,
  "eet_reenter_final": false,
  "eet_router_type": "mlp2",
  "eet_router_hidden": 0,
  "eet_freq_prior_alpha": 0.0,
  "eet_pos_prior_beta": 0.0,
  "eet_domain_prior": false,
  "eet_warmup_frac": 0.02,
  "eet_explore_frac": 0.15,
  "eet_reconstruct_lambda": 1.0,
  "eet_efficiency_lambda_start": 0.01,
  "eet_efficiency_lambda_end": 0.1,
  "eet_translator_rank": 0,
  "eet_max_frozen_kv_frac": 0.75,
  "eet_exit_threshold": 0.5,
  "eet_min_exit_layer": 1,
  "eet_loss_variant": "reconstruct",
  "eet_topk_vocab": 512,
  "eet_entropy_lambda": 0.3,
  "eet_surprise_lambda": 0.1,
  "eet_adv_lambda": 1.0,
  "eet_adv_entropy_lambda": 0.2,
  "eet_quality_lambda": 1.0,
  "eet_quality_entropy_bonus": 0.1,
  "eet_gumbel_temp_start": 0.0,
  "eet_gumbel_temp_end": 0.1,
  "eet_gumbel_hard": true,
  "eet_commitment_beta": 0.1,
  "eet_global_router": false,
  "eet_freq_efficiency_alpha": 0.0,
  "eet_diversity_lambda": 0.0,
  "eet_ce_guided_lambda": 1.0,
  "eet_router_lr_mult": 5.0,
  "eet_model_lr_mult": 1.0,
  "eet_depth_weight_type": "none",
  "eet_depth_weight_max": 2.5,
  "eet_use_override": 0,
  "eet_override_prob_start": 0.5,
  "eet_override_prob_end": 0.1,
  "eet_compute_skip": false,
  "eet_target_active_frac": 0.125,
  "eet_capacity_schedule": "bell",
  "eet_exit_fracs": null,
  "eet_capacity_alignment_lambda": 0.0,
  "eet_kv_mode": "none",
  "eet_route_noise": 0.0,
  "eet_route_noise_end": -1.0,
  "eet_coverage_diag": false,
  "deep_supervision_lambda": 0.0,
  "deep_supervision_frac": 0.125,
  "eet_width_power": 0.0,
  "eet_width_cap": 16.0,
  "eet_kv_eager": false,
  "eet_router_task_grad": true,
  "eet_reinforce_interval": 0,
  "eet_reinforce_lambda": 0.1,
  "eet_exit_adapter_rank": 0,
  "eet_router_after_block": 0,
  "eet_ffn_skip": false,
  "eet_ffn_target_frac": 0.5,
  "eet_ffn_full_attn": true,
  "eet_depth_affine": false,
  "eet_capacity_anneal_frac": 0.0,
  "eet_learned_schedule": false,
  "eet_departure_summary": false,
  "eet_route_consistency_lambda": 0.0,
  "eet_dense_distill_interval": 0,
  "eet_dense_distill_lambda": 0.5,
  "eet_depth_lr_scale": false,
  "eet_depth_grad_scale": false,
  "eet_detach_aux_from_backbone": false,
  "eet_detach_exit_from_backbone": false,
  "use_code_head": false,
  "sch_head_type": "code",
  "sch_bits": 0,
  "sch_order": 2,
  "sch_max_m": 0,
  "sch_phi_mode": "monomial",
  "sch_code_mode": "binary",
  "sch_code_path": "",
  "sch_code_ecc_bits": 0,
  "sch_code_seed": 1234,
  "sch_phi_density": 0.0,
  "sch_phi_dtype": "bf16",
  "sch_phi_normalize": 1,
  "sch_phi_center": 0,
  "sch_g_type": "linear",
  "sch_g_hidden": 0,
  "sch_g_layers": 2,
  "sch_g_out_std": 0.001,
  "sch_mixture": 1,
  "sch_residual_rank": 0,
  "sch_logit_act": "none",
  "sch_bias": 0,
  "sch_input_mode": "table",
  "sch_input_hidden": 0,
  "sch_product_groups": 8,
  "sch_product_codebook": 256,
  "sch_product_source": "hash",
  "sch_product_impl": "dense",
  "sch_phi_whiten": 0,
  "sch_mixture_per_phi": 0,
  "sch_mixture_topk": 0,
  "sch_mixture_aux": 0.01,
  "sch_monarch_m1": 0,
  "sch_monarch_perm": "none",
  "sch_monarch_perm_path": "",
  "sch_tier_bounds": "",
  "sch_tier_caps": "",
  "sch_tier_order": "freq",
  "sch_tier_perm_path": "",
  "sch_proposal_rank": 32,
  "sch_proposal_topk": 16384,
  "sch_proposal_samples": 4096,
  "sch_proposal_warmup": 0,
  "sch_proposal_chunk": 2048,
  "sch_proposal_aux": 1.0,
  "sch_nfh_mode": "cp",
  "sch_nfh_rank": 32,
  "sch_nfh_dims": "",
  "sch_nfh_groups": 3,
  "sch_nfh_views": 1,
  "sch_nfh_perm": "none",
  "sch_nfh_perm_path": "",
  "sch_nfh_g_type": "linear",
  "sch_nfh_g_hidden": 0,
  "sch_rerank_mode": "topk",
  "sch_rerank_k": 64,
  "sch_rerank_rank": 32,
  "sch_nfh_smooth": 0,
  "sch_nfh_chunk": 256,
  "sap_block_T": 64,
  "sap_block_mode": "sir_full",
  "sap_block_frac": 0.015625,
  "sap_lambda": 1.0,
  "sap_head_layers": 3,
  "sap_head_heads": 0,
  "sap_head_mlp_mult": 2,
  "sap_enc_layers": 1,
  "sap_ctx_window": 16,
  "sap_latent_groups": 4,
  "sap_latent_codes": 16,
  "sap_latent_dim": 64,
  "sap_free_bits": 0.25,
  "sap_kl_anneal_steps": 2000,
  "sap_gumbel_tau": 1.0,
  "sap_cp_components": 8,
  "sap_wta_k": 4,
  "sap_u_freqs": 24,
  "sap_u_interior": 0.8,
  "sap_logit_chunk": 8192,
  "sap_jacobi_sweeps": 2,
  "sap_sir_topk": 16,
  "sap_sir_rank": 32,
  "sap_sir_anchor_stride": 16,
  "sap_sir_fine_stride": 4,
  "sap_sir_refine_frac": 0.25,
  "sap_sir_draft_weight": 1.0,
  "sap_sir_context_weight": 0.25,
  "sap_sir_energy_weight": 0.25
}
Seeded weight init with --seed 1
Checkpoints directory: /vol/out/s01_sap/d2/SAP_sir_full_TL_s1
Parameter counts:
wte                     : 4,194,304
wpe                     : 0
value_embeds            : 4,194,304
lm_head                 : 4,194,304
transformer_matrices    : 393,248
research                : 465,024
scalars                 : 4
total                   : 13,441,188
Estimated FLOPs per token (total):  8.759136e+07
COST_AXES precision=W16A16E16H16 bops_arith=1.1212e+10 energy_pj_per_token=1.3290e+08 inference_MiB=25.64 training_state_MiB=88.61
Estimated FLOPs per token (active): 8.759136e+07
Estimated active params:            13,441,188
[SAP] block head: mode=sir_full T=64 frac=0.015625 window=16 layers=3 params=16,061,184
Scaling LRs by 0.0156 for batch size 128 (reference: 524,288)
Scaling weight decay from 0.200000 to 0.075000 for depth 2
Scaling the LR for the AdamW parameters ∝1/√(128/768) = 2.449490
Calculated number of iterations from target FLOPs: 18
Total number of training tokens: 2,304
Tokens : Scaling params ratio: 0.00
Total training FLOPs estimate: 2.018105e+11
Total training FLOPs (active):  2.018105e+11
Total active training FLOPs estimate: 2.018105e+11
Using base scheduler: linear warmup/flat/linear warmdown
Tokens / micro-batch / rank: 2 x 64 = 128
Tokens / micro-batch: 128
Total batch size 128 => gradient accumulation steps: 1
Running pre-compilation warmup (1 dummy forward+backward to init lazy allocations)...
W1002 16:53:39.599000 4 site-packages/torch/_inductor/utils.py:1613] [0/0] Not enough SMs to use max_autotune_gemm mode
Warmup complete. Steady-state VRAM: 0.1 GB allocated
step 00000/00018 (0.00%) | loss: 19.062492 | lrm: 1.00 | lr(adamw:1.430e-02, muon:3.125e-04) | dt: 63.59ms | tok/sec: 2,012 | bf16_mfu: 0.15 | epoch: 1 pq: 0 rg: 0 | total time: 0.00m
step 00001/00018 (5.56%) | loss: 19.060747 | lrm: 1.00 | lr(adamw:1.430e-02, muon:3.125e-04) | dt: 45.09ms | tok/sec: 2,838 | bf16_mfu: 0.21 | epoch: 1 pq: 0 rg: 0 | total time: 0.00m
step 00002/00018 (11.11%) | loss: 19.058752 | lrm: 1.00 | lr(adamw:1.430e-02, muon:3.125e-04) | dt: 38.61ms | tok/sec: 3,315 | bf16_mfu: 0.24 | epoch: 1 pq: 0 rg: 0 | total time: 0.00m
step 00003/00018 (16.67%) | loss: 19.056269 | lrm: 1.00 | lr(adamw:1.430e-02, muon:3.125e-04) | dt: 38.63ms | tok/sec: 3,313 | bf16_mfu: 0.24 | epoch: 1 pq: 0 rg: 0 | total time: 0.00m
step 00004/00018 (22.22%) | loss: 19.053697 | lrm: 1.00 | lr(adamw:1.430e-02, muon:3.125e-04) | dt: 40.90ms | tok/sec: 3,129 | bf16_mfu: 0.23 | epoch: 1 pq: 0 rg: 0 | total time: 0.00m
step 00005/00018 (27.78%) | loss: 19.051902 | lrm: 1.00 | lr(adamw:1.430e-02, muon:3.125e-04) | dt: 87.74ms | tok/sec: 1,458 | bf16_mfu: 0.11 | epoch: 1 pq: 0 rg: 1 | total time: 0.00m
step 00006/00018 (33.33%) | loss: 19.050469 | lrm: 1.00 | lr(adamw:1.430e-02, muon:3.125e-04) | dt: 40.02ms | tok/sec: 3,198 | bf16_mfu: 0.23 | epoch: 1 pq: 0 rg: 1 | total time: 0.00m
step 00007/00018 (38.89%) | loss: 19.044979 | lrm: 0.92 | lr(adamw:1.317e-02, muon:2.878e-04) | dt: 38.16ms | tok/sec: 3,354 | bf16_mfu: 0.24 | epoch: 1 pq: 0 rg: 1 | total time: 0.00m
step 00008/00018 (44.44%) | loss: 19.037038 | lrm: 0.84 | lr(adamw:1.204e-02, muon:2.630e-04) | dt: 37.61ms | tok/sec: 3,403 | bf16_mfu: 0.25 | epoch: 1 pq: 0 rg: 1 | total time: 0.00m
step 00009/00018 (50.00%) | loss: 19.030478 | lrm: 0.76 | lr(adamw:1.091e-02, muon:2.383e-04) | dt: 38.79ms | tok/sec: 3,299 | bf16_mfu: 0.24 | epoch: 1 pq: 0 rg: 1 | total time: 0.00m
step 00010/00018 (55.56%) | loss: 19.029010 | lrm: 0.68 | lr(adamw:9.775e-03, muon:2.135e-04) | dt: 39.58ms | tok/sec: 3,234 | bf16_mfu: 0.23 | epoch: 1 pq: 0 rg: 1 | total time: 0.00m
step 00011/00018 (61.11%) | loss: 19.022345 | lrm: 0.60 | lr(adamw:8.642e-03, muon:1.888e-04) | dt: 40.39ms | tok/sec: 3,168 | bf16_mfu: 0.23 | epoch: 1 pq: 0 rg: 1 | total time: 0.00m | eta: 0.0m
step 00012/00018 (66.67%) | loss: 19.017065 | lrm: 0.53 | lr(adamw:7.510e-03, muon:1.641e-04) | dt: 38.38ms | tok/sec: 3,334 | bf16_mfu: 0.24 | epoch: 1 pq: 0 rg: 1 | total time: 0.00m | eta: 0.0m
step 00013/00018 (72.22%) | loss: 19.010547 | lrm: 0.45 | lr(adamw:6.377e-03, muon:1.393e-04) | dt: 38.38ms | tok/sec: 3,335 | bf16_mfu: 0.24 | epoch: 1 pq: 0 rg: 1 | total time: 0.00m | eta: 0.0m
step 00014/00018 (77.78%) | loss: 19.006098 | lrm: 0.37 | lr(adamw:5.245e-03, muon:1.146e-04) | dt: 39.71ms | tok/sec: 3,223 | bf16_mfu: 0.23 | epoch: 1 pq: 0 rg: 1 | total time: 0.00m | eta: 0.0m
step 00015/00018 (83.33%) | loss: 19.001619 | lrm: 0.29 | lr(adamw:4.113e-03, muon:8.984e-05) | dt: 41.22ms | tok/sec: 3,105 | bf16_mfu: 0.22 | epoch: 1 pq: 0 rg: 1 | total time: 0.00m | eta: 0.0m
step 00016/00018 (88.89%) | loss: 18.997794 | lrm: 0.21 | lr(adamw:2.980e-03, muon:6.510e-05) | dt: 42.01ms | tok/sec: 3,046 | bf16_mfu: 0.22 | epoch: 1 pq: 0 rg: 1 | total time: 0.00m | eta: 0.0m
step 00017/00018 (94.44%) | loss: 18.994670 | lrm: 0.13 | lr(adamw:1.848e-03, muon:4.036e-05) | dt: 60.32ms | tok/sec: 2,121 | bf16_mfu: 0.15 | epoch: 1 pq: 0 rg: 1 | total time: 0.01m | eta: 0.0m
Step 00018 | Validation bpb: 3.266197 | val_loss: 10.390774
Step 00018 | SAP block bpb: 3.590490 | next-token bpb on the same tokens: 3.623542 | latent sensitivity: None nats
SAP_EVAL_JSON {"step": 18, "ntp_bpb_same_tokens": 3.623541841426749, "block_bpb": 3.590489937815729, "blocks": 1, "latent_sensitivity_nats": null, "block_over_ntp": 0.9908785643832924}
2026-10-02 16:56:48,597 - nanochat.checkpoint_manager - [32m[1mINFO[0m - Saved model parameters to: /vol/out/s01_sap/d2/SAP_sir_full_TL_s1/model_000018.pt
2026-10-02 16:56:48,604 - nanochat.checkpoint_manager - [32m[1mINFO[0m - Saved metadata to: /vol/out/s01_sap/d2/SAP_sir_full_TL_s1/meta_000018.json
step 00018/00018 (final) | loss: 18.994670 | early_stop: 0
Peak memory usage: 277.90MiB
Total training time: 0.01m
Minimum validation bpb: 3.266197
Minimum validation loss (nats/byte): 10.390774
